`ExcelDays` with `US 30/360 end` and `US 30/360 start`
`ExcelDays360` with `US 30/360 start` and `US 30/360 end`
`ExcelDays360` with `US 30/360 start`, `US 30/360 end` and `TRUE`
`ExcelYearFrac` with `Basis start`, `Basis end` and 0
`ExcelYearFrac` with `Basis start`, `Basis end` and 1
`ExcelYearFrac` with `Basis start`, `Basis end` and 2
