MkProgram
    ( Anno
        { payload =
            [ AnnoCsn
                ( CsnCluster
                    { payload = ConcreteSyntaxNode
                        { tokens = []
                        , visibility = Hidden
                        }
                    , trailing = ConcreteSyntaxNode
                        { tokens = []
                        , visibility = Hidden
                        }
                    }
                )
            , AnnoHole
            ]
        }
    )
    [ MkSection
        ( Anno
            { payload =
                [ AnnoCsn
                    ( CsnCluster
                        { payload = ConcreteSyntaxNode
                            { tokens =
                                [ MkPosToken
                                    { range = MkSrcRange
                                        { start = MkSrcPos
                                            { filename = "/home/hugin/Documents/haskell/cclaw/mattwaddington/jl4/./examples/means.l4"
                                            , line = 1
                                            , column = 1
                                            }
                                        , end = MkSrcPos
                                            { filename = "/home/hugin/Documents/haskell/cclaw/mattwaddington/jl4/./examples/means.l4"
                                            , line = 1
                                            , column = 2
                                            }
                                        , length = 1
                                        }
                                    , payload = TParagraph
                                    }
                                ]
                            , visibility = Visible
                            }
                        , trailing = ConcreteSyntaxNode
                            { tokens =
                                [ MkPosToken
                                    { range = MkSrcRange
                                        { start = MkSrcPos
                                            { filename = "/home/hugin/Documents/haskell/cclaw/mattwaddington/jl4/./examples/means.l4"
                                            , line = 1
                                            , column = 2
                                            }
                                        , end = MkSrcPos
                                            { filename = "/home/hugin/Documents/haskell/cclaw/mattwaddington/jl4/./examples/means.l4"
                                            , line = 1
                                            , column = 3
                                            }
                                        , length = 1
                                        }
                                    , payload = TSpace " "
                                    }
                                ]
                            , visibility = Visible
                            }
                        }
                    )
                , AnnoHole
                , AnnoHole
                ]
            }
        ) 1
        ( Name
            ( Anno
                { payload =
                    [ AnnoCsn
                        ( CsnCluster
                            { payload = ConcreteSyntaxNode
                                { tokens =
                                    [ MkPosToken
                                        { range = MkSrcRange
                                            { start = MkSrcPos
                                                { filename = "/home/hugin/Documents/haskell/cclaw/mattwaddington/jl4/./examples/means.l4"
                                                , line = 1
                                                , column = 3
                                                }
                                            , end = MkSrcPos
                                                { filename = "/home/hugin/Documents/haskell/cclaw/mattwaddington/jl4/./examples/means.l4"
                                                , line = 1
                                                , column = 10
                                                }
                                            , length = 7
                                            }
                                        , payload = TIdentifier "Example"
                                        }
                                    ]
                                , visibility = Visible
                                }
                            , trailing = ConcreteSyntaxNode
                                { tokens =
                                    [ MkPosToken
                                        { range = MkSrcRange
                                            { start = MkSrcPos
                                                { filename = "/home/hugin/Documents/haskell/cclaw/mattwaddington/jl4/./examples/means.l4"
                                                , line = 1
                                                , column = 10
                                                }
                                            , end = MkSrcPos
                                                { filename = "/home/hugin/Documents/haskell/cclaw/mattwaddington/jl4/./examples/means.l4"
                                                , line = 3
                                                , column = 1
                                                }
                                            , length = 2
                                            }
                                        , payload = TSpace "

                                          "
                                        }
                                    ]
                                , visibility = Visible
                                }
                            }
                        )
                    ]
                }
            ) "Example"
        )
        [ Decide
            ( Anno
                { payload = [ AnnoHole ] }
            )
            ( MkDecide
                ( Anno
                    { payload =
                        [ AnnoHole
                        , AnnoHole
                        ]
                    }
                )
                ( MkTypeSig
                    ( Anno
                        { payload =
                            [ AnnoHole
                            , AnnoHole
                            ]
                        }
                    )
                    ( MkGivenSig
                        ( Anno
                            { payload =
                                [ AnnoCsn
                                    ( CsnCluster
                                        { payload = ConcreteSyntaxNode
                                            { tokens =
                                                [ MkPosToken
                                                    { range = MkSrcRange
                                                        { start = MkSrcPos
                                                            { filename = "/home/hugin/Documents/haskell/cclaw/mattwaddington/jl4/./examples/means.l4"
                                                            , line = 3
                                                            , column = 1
                                                            }
                                                        , end = MkSrcPos
                                                            { filename = "/home/hugin/Documents/haskell/cclaw/mattwaddington/jl4/./examples/means.l4"
                                                            , line = 3
                                                            , column = 6
                                                            }
                                                        , length = 5
                                                        }
                                                    , payload = TKGiven
                                                    }
                                                ]
                                            , visibility = Visible
                                            }
                                        , trailing = ConcreteSyntaxNode
                                            { tokens =
                                                [ MkPosToken
                                                    { range = MkSrcRange
                                                        { start = MkSrcPos
                                                            { filename = "/home/hugin/Documents/haskell/cclaw/mattwaddington/jl4/./examples/means.l4"
                                                            , line = 3
                                                            , column = 6
                                                            }
                                                        , end = MkSrcPos
                                                            { filename = "/home/hugin/Documents/haskell/cclaw/mattwaddington/jl4/./examples/means.l4"
                                                            , line = 3
                                                            , column = 7
                                                            }
                                                        , length = 1
                                                        }
                                                    , payload = TSpace " "
                                                    }
                                                ]
                                            , visibility = Visible
                                            }
                                        }
                                    )
                                , AnnoHole
                                ]
                            }
                        )
                        [ MkTypedName
                            ( Anno
                                { payload =
                                    [ AnnoHole
                                    , AnnoHole
                                    ]
                                }
                            )
                            ( Name
                                ( Anno
                                    { payload =
                                        [ AnnoCsn
                                            ( CsnCluster
                                                { payload = ConcreteSyntaxNode
                                                    { tokens =
                                                        [ MkPosToken
                                                            { range = MkSrcRange
                                                                { start = MkSrcPos
                                                                    { filename = "/home/hugin/Documents/haskell/cclaw/mattwaddington/jl4/./examples/means.l4"
                                                                    , line = 3
                                                                    , column = 7
                                                                    }
                                                                , end = MkSrcPos
                                                                    { filename = "/home/hugin/Documents/haskell/cclaw/mattwaddington/jl4/./examples/means.l4"
                                                                    , line = 3
                                                                    , column = 8
                                                                    }
                                                                , length = 1
                                                                }
                                                            , payload = TIdentifier "x"
                                                            }
                                                        ]
                                                    , visibility = Visible
                                                    }
                                                , trailing = ConcreteSyntaxNode
                                                    { tokens =
                                                        [ MkPosToken
                                                            { range = MkSrcRange
                                                                { start = MkSrcPos
                                                                    { filename = "/home/hugin/Documents/haskell/cclaw/mattwaddington/jl4/./examples/means.l4"
                                                                    , line = 3
                                                                    , column = 8
                                                                    }
                                                                , end = MkSrcPos
                                                                    { filename = "/home/hugin/Documents/haskell/cclaw/mattwaddington/jl4/./examples/means.l4"
                                                                    , line = 3
                                                                    , column = 9
                                                                    }
                                                                , length = 1
                                                                }
                                                            , payload = TSpace " "
                                                            }
                                                        ]
                                                    , visibility = Visible
                                                    }
                                                }
                                            )
                                        ]
                                    }
                                ) "x"
                            )
                            ( NamedType
                                ( Anno
                                    { payload =
                                        [ AnnoCsn
                                            ( CsnCluster
                                                { payload = ConcreteSyntaxNode
                                                    { tokens =
                                                        [ MkPosToken
                                                            { range = MkSrcRange
                                                                { start = MkSrcPos
                                                                    { filename = "/home/hugin/Documents/haskell/cclaw/mattwaddington/jl4/./examples/means.l4"
                                                                    , line = 3
                                                                    , column = 9
                                                                    }
                                                                , end = MkSrcPos
                                                                    { filename = "/home/hugin/Documents/haskell/cclaw/mattwaddington/jl4/./examples/means.l4"
                                                                    , line = 3
                                                                    , column = 11
                                                                    }
                                                                , length = 2
                                                                }
                                                            , payload = TKIs
                                                            }
                                                        ]
                                                    , visibility = Visible
                                                    }
                                                , trailing = ConcreteSyntaxNode
                                                    { tokens =
                                                        [ MkPosToken
                                                            { range = MkSrcRange
                                                                { start = MkSrcPos
                                                                    { filename = "/home/hugin/Documents/haskell/cclaw/mattwaddington/jl4/./examples/means.l4"
                                                                    , line = 3
                                                                    , column = 11
                                                                    }
                                                                , end = MkSrcPos
                                                                    { filename = "/home/hugin/Documents/haskell/cclaw/mattwaddington/jl4/./examples/means.l4"
                                                                    , line = 3
                                                                    , column = 12
                                                                    }
                                                                , length = 1
                                                                }
                                                            , payload = TSpace " "
                                                            }
                                                        ]
                                                    , visibility = Visible
                                                    }
                                                }
                                            )
                                        , AnnoCsn
                                            ( CsnCluster
                                                { payload = ConcreteSyntaxNode
                                                    { tokens =
                                                        [ MkPosToken
                                                            { range = MkSrcRange
                                                                { start = MkSrcPos
                                                                    { filename = "/home/hugin/Documents/haskell/cclaw/mattwaddington/jl4/./examples/means.l4"
                                                                    , line = 3
                                                                    , column = 12
                                                                    }
                                                                , end = MkSrcPos
                                                                    { filename = "/home/hugin/Documents/haskell/cclaw/mattwaddington/jl4/./examples/means.l4"
                                                                    , line = 3
                                                                    , column = 13
                                                                    }
                                                                , length = 1
                                                                }
                                                            , payload = TKA
                                                            }
                                                        ]
                                                    , visibility = Visible
                                                    }
                                                , trailing = ConcreteSyntaxNode
                                                    { tokens =
                                                        [ MkPosToken
                                                            { range = MkSrcRange
                                                                { start = MkSrcPos
                                                                    { filename = "/home/hugin/Documents/haskell/cclaw/mattwaddington/jl4/./examples/means.l4"
                                                                    , line = 3
                                                                    , column = 13
                                                                    }
                                                                , end = MkSrcPos
                                                                    { filename = "/home/hugin/Documents/haskell/cclaw/mattwaddington/jl4/./examples/means.l4"
                                                                    , line = 3
                                                                    , column = 14
                                                                    }
                                                                , length = 1
                                                                }
                                                            , payload = TSpace " "
                                                            }
                                                        ]
                                                    , visibility = Visible
                                                    }
                                                }
                                            )
                                        , AnnoHole
                                        ]
                                    }
                                )
                                ( Name
                                    ( Anno
                                        { payload =
                                            [ AnnoCsn
                                                ( CsnCluster
                                                    { payload = ConcreteSyntaxNode
                                                        { tokens =
                                                            [ MkPosToken
                                                                { range = MkSrcRange
                                                                    { start = MkSrcPos
                                                                        { filename = "/home/hugin/Documents/haskell/cclaw/mattwaddington/jl4/./examples/means.l4"
                                                                        , line = 3
                                                                        , column = 14
                                                                        }
                                                                    , end = MkSrcPos
                                                                        { filename = "/home/hugin/Documents/haskell/cclaw/mattwaddington/jl4/./examples/means.l4"
                                                                        , line = 3
                                                                        , column = 20
                                                                        }
                                                                    , length = 6
                                                                    }
                                                                , payload = TIdentifier "Person"
                                                                }
                                                            ]
                                                        , visibility = Visible
                                                        }
                                                    , trailing = ConcreteSyntaxNode
                                                        { tokens =
                                                            [ MkPosToken
                                                                { range = MkSrcRange
                                                                    { start = MkSrcPos
                                                                        { filename = "/home/hugin/Documents/haskell/cclaw/mattwaddington/jl4/./examples/means.l4"
                                                                        , line = 3
                                                                        , column = 20
                                                                        }
                                                                    , end = MkSrcPos
                                                                        { filename = "/home/hugin/Documents/haskell/cclaw/mattwaddington/jl4/./examples/means.l4"
                                                                        , line = 4
                                                                        , column = 1
                                                                        }
                                                                    , length = 1
                                                                    }
                                                                , payload = TSpace "
                                                                  "
                                                                }
                                                            ]
                                                        , visibility = Visible
                                                        }
                                                    }
                                                )
                                            ]
                                        }
                                    ) "Person"
                                )
                            )
                        ]
                    ) Nothing
                )
                [ GuardedClause
                    ( Anno
                        { payload =
                            [ AnnoHole
                            , AnnoCsn
                                ( CsnCluster
                                    { payload = ConcreteSyntaxNode
                                        { tokens =
                                            [ MkPosToken
                                                { range = MkSrcRange
                                                    { start = MkSrcPos
                                                        { filename = "/home/hugin/Documents/haskell/cclaw/mattwaddington/jl4/./examples/means.l4"
                                                        , line = 4
                                                        , column = 3
                                                        }
                                                    , end = MkSrcPos
                                                        { filename = "/home/hugin/Documents/haskell/cclaw/mattwaddington/jl4/./examples/means.l4"
                                                        , line = 4
                                                        , column = 8
                                                        }
                                                    , length = 5
                                                    }
                                                , payload = TKMeans
                                                }
                                            ]
                                        , visibility = Visible
                                        }
                                    , trailing = ConcreteSyntaxNode
                                        { tokens =
                                            [ MkPosToken
                                                { range = MkSrcRange
                                                    { start = MkSrcPos
                                                        { filename = "/home/hugin/Documents/haskell/cclaw/mattwaddington/jl4/./examples/means.l4"
                                                        , line = 4
                                                        , column = 8
                                                        }
                                                    , end = MkSrcPos
                                                        { filename = "/home/hugin/Documents/haskell/cclaw/mattwaddington/jl4/./examples/means.l4"
                                                        , line = 4
                                                        , column = 9
                                                        }
                                                    , length = 1
                                                    }
                                                , payload = TSpace " "
                                                }
                                            ]
                                        , visibility = Visible
                                        }
                                    }
                                )
                            , AnnoHole
                            ]
                        }
                    )
                    ( Var
                        ( Anno
                            { payload = [ AnnoHole ] }
                        )
                        ( Name
                            ( Anno
                                { payload =
                                    [ AnnoCsn
                                        ( CsnCluster
                                            { payload = ConcreteSyntaxNode
                                                { tokens =
                                                    [ MkPosToken
                                                        { range = MkSrcRange
                                                            { start = MkSrcPos
                                                                { filename = "/home/hugin/Documents/haskell/cclaw/mattwaddington/jl4/./examples/means.l4"
                                                                , line = 4
                                                                , column = 1
                                                                }
                                                            , end = MkSrcPos
                                                                { filename = "/home/hugin/Documents/haskell/cclaw/mattwaddington/jl4/./examples/means.l4"
                                                                , line = 4
                                                                , column = 2
                                                                }
                                                            , length = 1
                                                            }
                                                        , payload = TIdentifier "x"
                                                        }
                                                    ]
                                                , visibility = Visible
                                                }
                                            , trailing = ConcreteSyntaxNode
                                                { tokens =
                                                    [ MkPosToken
                                                        { range = MkSrcRange
                                                            { start = MkSrcPos
                                                                { filename = "/home/hugin/Documents/haskell/cclaw/mattwaddington/jl4/./examples/means.l4"
                                                                , line = 4
                                                                , column = 2
                                                                }
                                                            , end = MkSrcPos
                                                                { filename = "/home/hugin/Documents/haskell/cclaw/mattwaddington/jl4/./examples/means.l4"
                                                                , line = 4
                                                                , column = 3
                                                                }
                                                            , length = 1
                                                            }
                                                        , payload = TSpace " "
                                                        }
                                                    ]
                                                , visibility = Visible
                                                }
                                            }
                                        )
                                    ]
                                }
                            ) "x"
                        )
                    )
                    ( PlainGuard
                        ( Anno
                            { payload =
                                [ AnnoCsn
                                    ( CsnCluster
                                        { payload = ConcreteSyntaxNode
                                            { tokens =
                                                [ MkPosToken
                                                    { range = MkSrcRange
                                                        { start = MkSrcPos
                                                            { filename = "/home/hugin/Documents/haskell/cclaw/mattwaddington/jl4/./examples/means.l4"
                                                            , line = 4
                                                            , column = 9
                                                            }
                                                        , end = MkSrcPos
                                                            { filename = "/home/hugin/Documents/haskell/cclaw/mattwaddington/jl4/./examples/means.l4"
                                                            , line = 4
                                                            , column = 11
                                                            }
                                                        , length = 2
                                                        }
                                                    , payload = TKIf
                                                    }
                                                ]
                                            , visibility = Visible
                                            }
                                        , trailing = ConcreteSyntaxNode
                                            { tokens =
                                                [ MkPosToken
                                                    { range = MkSrcRange
                                                        { start = MkSrcPos
                                                            { filename = "/home/hugin/Documents/haskell/cclaw/mattwaddington/jl4/./examples/means.l4"
                                                            , line = 4
                                                            , column = 11
                                                            }
                                                        , end = MkSrcPos
                                                            { filename = "/home/hugin/Documents/haskell/cclaw/mattwaddington/jl4/./examples/means.l4"
                                                            , line = 4
                                                            , column = 12
                                                            }
                                                        , length = 1
                                                        }
                                                    , payload = TSpace " "
                                                    }
                                                ]
                                            , visibility = Visible
                                            }
                                        }
                                    )
                                , AnnoHole
                                ]
                            }
                        )
                        ( Var
                            ( Anno
                                { payload = [ AnnoHole ] }
                            )
                            ( Name
                                ( Anno
                                    { payload =
                                        [ AnnoCsn
                                            ( CsnCluster
                                                { payload = ConcreteSyntaxNode
                                                    { tokens =
                                                        [ MkPosToken
                                                            { range = MkSrcRange
                                                                { start = MkSrcPos
                                                                    { filename = "/home/hugin/Documents/haskell/cclaw/mattwaddington/jl4/./examples/means.l4"
                                                                    , line = 4
                                                                    , column = 12
                                                                    }
                                                                , end = MkSrcPos
                                                                    { filename = "/home/hugin/Documents/haskell/cclaw/mattwaddington/jl4/./examples/means.l4"
                                                                    , line = 4
                                                                    , column = 17
                                                                    }
                                                                , length = 5
                                                                }
                                                            , payload = TIdentifier "walks"
                                                            }
                                                        ]
                                                    , visibility = Visible
                                                    }
                                                , trailing = ConcreteSyntaxNode
                                                    { tokens =
                                                        [ MkPosToken
                                                            { range = MkSrcRange
                                                                { start = MkSrcPos
                                                                    { filename = "/home/hugin/Documents/haskell/cclaw/mattwaddington/jl4/./examples/means.l4"
                                                                    , line = 4
                                                                    , column = 17
                                                                    }
                                                                , end = MkSrcPos
                                                                    { filename = "/home/hugin/Documents/haskell/cclaw/mattwaddington/jl4/./examples/means.l4"
                                                                    , line = 6
                                                                    , column = 1
                                                                    }
                                                                , length = 2
                                                                }
                                                            , payload = TSpace "

                                                              "
                                                            }
                                                        ]
                                                    , visibility = Visible
                                                    }
                                                }
                                            )
                                        ]
                                    }
                                ) "walks"
                            )
                        )
                    )
                ]
            )
        , Decide
            ( Anno
                { payload = [ AnnoHole ] }
            )
            ( MkDecide
                ( Anno
                    { payload =
                        [ AnnoHole
                        , AnnoHole
                        ]
                    }
                )
                ( MkTypeSig
                    ( Anno
                        { payload =
                            [ AnnoHole
                            , AnnoHole
                            ]
                        }
                    )
                    ( MkGivenSig
                        ( Anno
                            { payload =
                                [ AnnoCsn
                                    ( CsnCluster
                                        { payload = ConcreteSyntaxNode
                                            { tokens =
                                                [ MkPosToken
                                                    { range = MkSrcRange
                                                        { start = MkSrcPos
                                                            { filename = "/home/hugin/Documents/haskell/cclaw/mattwaddington/jl4/./examples/means.l4"
                                                            , line = 6
                                                            , column = 1
                                                            }
                                                        , end = MkSrcPos
                                                            { filename = "/home/hugin/Documents/haskell/cclaw/mattwaddington/jl4/./examples/means.l4"
                                                            , line = 6
                                                            , column = 6
                                                            }
                                                        , length = 5
                                                        }
                                                    , payload = TKGiven
                                                    }
                                                ]
                                            , visibility = Visible
                                            }
                                        , trailing = ConcreteSyntaxNode
                                            { tokens =
                                                [ MkPosToken
                                                    { range = MkSrcRange
                                                        { start = MkSrcPos
                                                            { filename = "/home/hugin/Documents/haskell/cclaw/mattwaddington/jl4/./examples/means.l4"
                                                            , line = 6
                                                            , column = 6
                                                            }
                                                        , end = MkSrcPos
                                                            { filename = "/home/hugin/Documents/haskell/cclaw/mattwaddington/jl4/./examples/means.l4"
                                                            , line = 6
                                                            , column = 7
                                                            }
                                                        , length = 1
                                                        }
                                                    , payload = TSpace " "
                                                    }
                                                ]
                                            , visibility = Visible
                                            }
                                        }
                                    )
                                , AnnoHole
                                ]
                            }
                        )
                        [ MkTypedName
                            ( Anno
                                { payload =
                                    [ AnnoHole
                                    , AnnoHole
                                    ]
                                }
                            )
                            ( Name
                                ( Anno
                                    { payload =
                                        [ AnnoCsn
                                            ( CsnCluster
                                                { payload = ConcreteSyntaxNode
                                                    { tokens =
                                                        [ MkPosToken
                                                            { range = MkSrcRange
                                                                { start = MkSrcPos
                                                                    { filename = "/home/hugin/Documents/haskell/cclaw/mattwaddington/jl4/./examples/means.l4"
                                                                    , line = 6
                                                                    , column = 7
                                                                    }
                                                                , end = MkSrcPos
                                                                    { filename = "/home/hugin/Documents/haskell/cclaw/mattwaddington/jl4/./examples/means.l4"
                                                                    , line = 6
                                                                    , column = 8
                                                                    }
                                                                , length = 1
                                                                }
                                                            , payload = TIdentifier "p"
                                                            }
                                                        ]
                                                    , visibility = Visible
                                                    }
                                                , trailing = ConcreteSyntaxNode
                                                    { tokens =
                                                        [ MkPosToken
                                                            { range = MkSrcRange
                                                                { start = MkSrcPos
                                                                    { filename = "/home/hugin/Documents/haskell/cclaw/mattwaddington/jl4/./examples/means.l4"
                                                                    , line = 6
                                                                    , column = 8
                                                                    }
                                                                , end = MkSrcPos
                                                                    { filename = "/home/hugin/Documents/haskell/cclaw/mattwaddington/jl4/./examples/means.l4"
                                                                    , line = 6
                                                                    , column = 9
                                                                    }
                                                                , length = 1
                                                                }
                                                            , payload = TSpace " "
                                                            }
                                                        ]
                                                    , visibility = Visible
                                                    }
                                                }
                                            )
                                        ]
                                    }
                                ) "p"
                            )
                            ( NamedType
                                ( Anno
                                    { payload =
                                        [ AnnoCsn
                                            ( CsnCluster
                                                { payload = ConcreteSyntaxNode
                                                    { tokens =
                                                        [ MkPosToken
                                                            { range = MkSrcRange
                                                                { start = MkSrcPos
                                                                    { filename = "/home/hugin/Documents/haskell/cclaw/mattwaddington/jl4/./examples/means.l4"
                                                                    , line = 6
                                                                    , column = 9
                                                                    }
                                                                , end = MkSrcPos
                                                                    { filename = "/home/hugin/Documents/haskell/cclaw/mattwaddington/jl4/./examples/means.l4"
                                                                    , line = 6
                                                                    , column = 11
                                                                    }
                                                                , length = 2
                                                                }
                                                            , payload = TKIs
                                                            }
                                                        ]
                                                    , visibility = Visible
                                                    }
                                                , trailing = ConcreteSyntaxNode
                                                    { tokens =
                                                        [ MkPosToken
                                                            { range = MkSrcRange
                                                                { start = MkSrcPos
                                                                    { filename = "/home/hugin/Documents/haskell/cclaw/mattwaddington/jl4/./examples/means.l4"
                                                                    , line = 6
                                                                    , column = 11
                                                                    }
                                                                , end = MkSrcPos
                                                                    { filename = "/home/hugin/Documents/haskell/cclaw/mattwaddington/jl4/./examples/means.l4"
                                                                    , line = 6
                                                                    , column = 12
                                                                    }
                                                                , length = 1
                                                                }
                                                            , payload = TSpace " "
                                                            }
                                                        ]
                                                    , visibility = Visible
                                                    }
                                                }
                                            )
                                        , AnnoCsn
                                            ( CsnCluster
                                                { payload = ConcreteSyntaxNode
                                                    { tokens =
                                                        [ MkPosToken
                                                            { range = MkSrcRange
                                                                { start = MkSrcPos
                                                                    { filename = "/home/hugin/Documents/haskell/cclaw/mattwaddington/jl4/./examples/means.l4"
                                                                    , line = 6
                                                                    , column = 12
                                                                    }
                                                                , end = MkSrcPos
                                                                    { filename = "/home/hugin/Documents/haskell/cclaw/mattwaddington/jl4/./examples/means.l4"
                                                                    , line = 6
                                                                    , column = 13
                                                                    }
                                                                , length = 1
                                                                }
                                                            , payload = TKA
                                                            }
                                                        ]
                                                    , visibility = Visible
                                                    }
                                                , trailing = ConcreteSyntaxNode
                                                    { tokens =
                                                        [ MkPosToken
                                                            { range = MkSrcRange
                                                                { start = MkSrcPos
                                                                    { filename = "/home/hugin/Documents/haskell/cclaw/mattwaddington/jl4/./examples/means.l4"
                                                                    , line = 6
                                                                    , column = 13
                                                                    }
                                                                , end = MkSrcPos
                                                                    { filename = "/home/hugin/Documents/haskell/cclaw/mattwaddington/jl4/./examples/means.l4"
                                                                    , line = 6
                                                                    , column = 14
                                                                    }
                                                                , length = 1
                                                                }
                                                            , payload = TSpace " "
                                                            }
                                                        ]
                                                    , visibility = Visible
                                                    }
                                                }
                                            )
                                        , AnnoHole
                                        ]
                                    }
                                )
                                ( Name
                                    ( Anno
                                        { payload =
                                            [ AnnoCsn
                                                ( CsnCluster
                                                    { payload = ConcreteSyntaxNode
                                                        { tokens =
                                                            [ MkPosToken
                                                                { range = MkSrcRange
                                                                    { start = MkSrcPos
                                                                        { filename = "/home/hugin/Documents/haskell/cclaw/mattwaddington/jl4/./examples/means.l4"
                                                                        , line = 6
                                                                        , column = 14
                                                                        }
                                                                    , end = MkSrcPos
                                                                        { filename = "/home/hugin/Documents/haskell/cclaw/mattwaddington/jl4/./examples/means.l4"
                                                                        , line = 6
                                                                        , column = 20
                                                                        }
                                                                    , length = 6
                                                                    }
                                                                , payload = TIdentifier "Person"
                                                                }
                                                            ]
                                                        , visibility = Visible
                                                        }
                                                    , trailing = ConcreteSyntaxNode
                                                        { tokens =
                                                            [ MkPosToken
                                                                { range = MkSrcRange
                                                                    { start = MkSrcPos
                                                                        { filename = "/home/hugin/Documents/haskell/cclaw/mattwaddington/jl4/./examples/means.l4"
                                                                        , line = 6
                                                                        , column = 20
                                                                        }
                                                                    , end = MkSrcPos
                                                                        { filename = "/home/hugin/Documents/haskell/cclaw/mattwaddington/jl4/./examples/means.l4"
                                                                        , line = 7
                                                                        , column = 1
                                                                        }
                                                                    , length = 1
                                                                    }
                                                                , payload = TSpace "
                                                                  "
                                                                }
                                                            ]
                                                        , visibility = Visible
                                                        }
                                                    }
                                                )
                                            ]
                                        }
                                    ) "Person"
                                )
                            )
                        ]
                    ) Nothing
                )
                [ GuardedClause
                    ( Anno
                        { payload =
                            [ AnnoHole
                            , AnnoCsn
                                ( CsnCluster
                                    { payload = ConcreteSyntaxNode
                                        { tokens =
                                            [ MkPosToken
                                                { range = MkSrcRange
                                                    { start = MkSrcPos
                                                        { filename = "/home/hugin/Documents/haskell/cclaw/mattwaddington/jl4/./examples/means.l4"
                                                        , line = 7
                                                        , column = 13
                                                        }
                                                    , end = MkSrcPos
                                                        { filename = "/home/hugin/Documents/haskell/cclaw/mattwaddington/jl4/./examples/means.l4"
                                                        , line = 7
                                                        , column = 18
                                                        }
                                                    , length = 5
                                                    }
                                                , payload = TKMeans
                                                }
                                            ]
                                        , visibility = Visible
                                        }
                                    , trailing = ConcreteSyntaxNode
                                        { tokens =
                                            [ MkPosToken
                                                { range = MkSrcRange
                                                    { start = MkSrcPos
                                                        { filename = "/home/hugin/Documents/haskell/cclaw/mattwaddington/jl4/./examples/means.l4"
                                                        , line = 7
                                                        , column = 18
                                                        }
                                                    , end = MkSrcPos
                                                        { filename = "/home/hugin/Documents/haskell/cclaw/mattwaddington/jl4/./examples/means.l4"
                                                        , line = 8
                                                        , column = 5
                                                        }
                                                    , length = 5
                                                    }
                                                , payload = TSpace "
                                                      "
                                                }
                                            ]
                                        , visibility = Visible
                                        }
                                    }
                                )
                            , AnnoHole
                            ]
                        }
                    )
                    ( Var
                        ( Anno
                            { payload = [ AnnoHole ] }
                        )
                        ( Name
                            ( Anno
                                { payload =
                                    [ AnnoCsn
                                        ( CsnCluster
                                            { payload = ConcreteSyntaxNode
                                                { tokens =
                                                    [ MkPosToken
                                                        { range = MkSrcRange
                                                            { start = MkSrcPos
                                                                { filename = "/home/hugin/Documents/haskell/cclaw/mattwaddington/jl4/./examples/means.l4"
                                                                , line = 7
                                                                , column = 1
                                                                }
                                                            , end = MkSrcPos
                                                                { filename = "/home/hugin/Documents/haskell/cclaw/mattwaddington/jl4/./examples/means.l4"
                                                                , line = 7
                                                                , column = 12
                                                                }
                                                            , length = 11
                                                            }
                                                        , payload = TQuoted "must sing"
                                                        }
                                                    ]
                                                , visibility = Visible
                                                }
                                            , trailing = ConcreteSyntaxNode
                                                { tokens =
                                                    [ MkPosToken
                                                        { range = MkSrcRange
                                                            { start = MkSrcPos
                                                                { filename = "/home/hugin/Documents/haskell/cclaw/mattwaddington/jl4/./examples/means.l4"
                                                                , line = 7
                                                                , column = 12
                                                                }
                                                            , end = MkSrcPos
                                                                { filename = "/home/hugin/Documents/haskell/cclaw/mattwaddington/jl4/./examples/means.l4"
                                                                , line = 7
                                                                , column = 13
                                                                }
                                                            , length = 1
                                                            }
                                                        , payload = TSpace " "
                                                        }
                                                    ]
                                                , visibility = Visible
                                                }
                                            }
                                        )
                                    ]
                                }
                            ) "must sing"
                        )
                    )
                    ( PlainGuard
                        ( Anno
                            { payload =
                                [ AnnoCsn
                                    ( CsnCluster
                                        { payload = ConcreteSyntaxNode
                                            { tokens =
                                                [ MkPosToken
                                                    { range = MkSrcRange
                                                        { start = MkSrcPos
                                                            { filename = "/home/hugin/Documents/haskell/cclaw/mattwaddington/jl4/./examples/means.l4"
                                                            , line = 8
                                                            , column = 5
                                                            }
                                                        , end = MkSrcPos
                                                            { filename = "/home/hugin/Documents/haskell/cclaw/mattwaddington/jl4/./examples/means.l4"
                                                            , line = 8
                                                            , column = 7
                                                            }
                                                        , length = 2
                                                        }
                                                    , payload = TKIf
                                                    }
                                                ]
                                            , visibility = Visible
                                            }
                                        , trailing = ConcreteSyntaxNode
                                            { tokens =
                                                [ MkPosToken
                                                    { range = MkSrcRange
                                                        { start = MkSrcPos
                                                            { filename = "/home/hugin/Documents/haskell/cclaw/mattwaddington/jl4/./examples/means.l4"
                                                            , line = 8
                                                            , column = 7
                                                            }
                                                        , end = MkSrcPos
                                                            { filename = "/home/hugin/Documents/haskell/cclaw/mattwaddington/jl4/./examples/means.l4"
                                                            , line = 8
                                                            , column = 15
                                                            }
                                                        , length = 8
                                                        }
                                                    , payload = TSpace "        "
                                                    }
                                                ]
                                            , visibility = Visible
                                            }
                                        }
                                    )
                                , AnnoHole
                                ]
                            }
                        )
                        ( And
                            ( Anno
                                { payload =
                                    [ AnnoHole
                                    , AnnoCsn
                                        ( CsnCluster
                                            { payload = ConcreteSyntaxNode
                                                { tokens =
                                                    [ MkPosToken
                                                        { range = MkSrcRange
                                                            { start = MkSrcPos
                                                                { filename = "/home/hugin/Documents/haskell/cclaw/mattwaddington/jl4/./examples/means.l4"
                                                                , line = 9
                                                                , column = 8
                                                                }
                                                            , end = MkSrcPos
                                                                { filename = "/home/hugin/Documents/haskell/cclaw/mattwaddington/jl4/./examples/means.l4"
                                                                , line = 9
                                                                , column = 11
                                                                }
                                                            , length = 3
                                                            }
                                                        , payload = TKAnd
                                                        }
                                                    ]
                                                , visibility = Visible
                                                }
                                            , trailing = ConcreteSyntaxNode
                                                { tokens =
                                                    [ MkPosToken
                                                        { range = MkSrcRange
                                                            { start = MkSrcPos
                                                                { filename = "/home/hugin/Documents/haskell/cclaw/mattwaddington/jl4/./examples/means.l4"
                                                                , line = 9
                                                                , column = 11
                                                                }
                                                            , end = MkSrcPos
                                                                { filename = "/home/hugin/Documents/haskell/cclaw/mattwaddington/jl4/./examples/means.l4"
                                                                , line = 9
                                                                , column = 15
                                                                }
                                                            , length = 4
                                                            }
                                                        , payload = TSpace "    "
                                                        }
                                                    ]
                                                , visibility = Visible
                                                }
                                            }
                                        )
                                    , AnnoHole
                                    ]
                                }
                            )
                            ( Var
                                ( Anno
                                    { payload = [ AnnoHole ] }
                                )
                                ( Name
                                    ( Anno
                                        { payload =
                                            [ AnnoCsn
                                                ( CsnCluster
                                                    { payload = ConcreteSyntaxNode
                                                        { tokens =
                                                            [ MkPosToken
                                                                { range = MkSrcRange
                                                                    { start = MkSrcPos
                                                                        { filename = "/home/hugin/Documents/haskell/cclaw/mattwaddington/jl4/./examples/means.l4"
                                                                        , line = 8
                                                                        , column = 15
                                                                        }
                                                                    , end = MkSrcPos
                                                                        { filename = "/home/hugin/Documents/haskell/cclaw/mattwaddington/jl4/./examples/means.l4"
                                                                        , line = 8
                                                                        , column = 20
                                                                        }
                                                                    , length = 5
                                                                    }
                                                                , payload = TIdentifier "walks"
                                                                }
                                                            ]
                                                        , visibility = Visible
                                                        }
                                                    , trailing = ConcreteSyntaxNode
                                                        { tokens =
                                                            [ MkPosToken
                                                                { range = MkSrcRange
                                                                    { start = MkSrcPos
                                                                        { filename = "/home/hugin/Documents/haskell/cclaw/mattwaddington/jl4/./examples/means.l4"
                                                                        , line = 8
                                                                        , column = 20
                                                                        }
                                                                    , end = MkSrcPos
                                                                        { filename = "/home/hugin/Documents/haskell/cclaw/mattwaddington/jl4/./examples/means.l4"
                                                                        , line = 9
                                                                        , column = 8
                                                                        }
                                                                    , length = 8
                                                                    }
                                                                , payload = TSpace "
                                                                         "
                                                                }
                                                            ]
                                                        , visibility = Visible
                                                        }
                                                    }
                                                )
                                            ]
                                        }
                                    ) "walks"
                                )
                            )
                            ( Or
                                ( Anno
                                    { payload =
                                        [ AnnoHole
                                        , AnnoCsn
                                            ( CsnCluster
                                                { payload = ConcreteSyntaxNode
                                                    { tokens =
                                                        [ MkPosToken
                                                            { range = MkSrcRange
                                                                { start = MkSrcPos
                                                                    { filename = "/home/hugin/Documents/haskell/cclaw/mattwaddington/jl4/./examples/means.l4"
                                                                    , line = 10
                                                                    , column = 12
                                                                    }
                                                                , end = MkSrcPos
                                                                    { filename = "/home/hugin/Documents/haskell/cclaw/mattwaddington/jl4/./examples/means.l4"
                                                                    , line = 10
                                                                    , column = 14
                                                                    }
                                                                , length = 2
                                                                }
                                                            , payload = TKOr
                                                            }
                                                        ]
                                                    , visibility = Visible
                                                    }
                                                , trailing = ConcreteSyntaxNode
                                                    { tokens =
                                                        [ MkPosToken
                                                            { range = MkSrcRange
                                                                { start = MkSrcPos
                                                                    { filename = "/home/hugin/Documents/haskell/cclaw/mattwaddington/jl4/./examples/means.l4"
                                                                    , line = 10
                                                                    , column = 14
                                                                    }
                                                                , end = MkSrcPos
                                                                    { filename = "/home/hugin/Documents/haskell/cclaw/mattwaddington/jl4/./examples/means.l4"
                                                                    , line = 10
                                                                    , column = 15
                                                                    }
                                                                , length = 1
                                                                }
                                                            , payload = TSpace " "
                                                            }
                                                        ]
                                                    , visibility = Visible
                                                    }
                                                }
                                            )
                                        , AnnoHole
                                        ]
                                    }
                                )
                                ( Var
                                    ( Anno
                                        { payload = [ AnnoHole ] }
                                    )
                                    ( Name
                                        ( Anno
                                            { payload =
                                                [ AnnoCsn
                                                    ( CsnCluster
                                                        { payload = ConcreteSyntaxNode
                                                            { tokens =
                                                                [ MkPosToken
                                                                    { range = MkSrcRange
                                                                        { start = MkSrcPos
                                                                            { filename = "/home/hugin/Documents/haskell/cclaw/mattwaddington/jl4/./examples/means.l4"
                                                                            , line = 9
                                                                            , column = 15
                                                                            }
                                                                        , end = MkSrcPos
                                                                            { filename = "/home/hugin/Documents/haskell/cclaw/mattwaddington/jl4/./examples/means.l4"
                                                                            , line = 9
                                                                            , column = 21
                                                                            }
                                                                        , length = 6
                                                                        }
                                                                    , payload = TIdentifier "drinks"
                                                                    }
                                                                ]
                                                            , visibility = Visible
                                                            }
                                                        , trailing = ConcreteSyntaxNode
                                                            { tokens =
                                                                [ MkPosToken
                                                                    { range = MkSrcRange
                                                                        { start = MkSrcPos
                                                                            { filename = "/home/hugin/Documents/haskell/cclaw/mattwaddington/jl4/./examples/means.l4"
                                                                            , line = 9
                                                                            , column = 21
                                                                            }
                                                                        , end = MkSrcPos
                                                                            { filename = "/home/hugin/Documents/haskell/cclaw/mattwaddington/jl4/./examples/means.l4"
                                                                            , line = 10
                                                                            , column = 12
                                                                            }
                                                                        , length = 12
                                                                        }
                                                                    , payload = TSpace "
                                                                                 "
                                                                    }
                                                                ]
                                                            , visibility = Visible
                                                            }
                                                        }
                                                    )
                                                ]
                                            }
                                        ) "drinks"
                                    )
                                )
                                ( Var
                                    ( Anno
                                        { payload = [ AnnoHole ] }
                                    )
                                    ( Name
                                        ( Anno
                                            { payload =
                                                [ AnnoCsn
                                                    ( CsnCluster
                                                        { payload = ConcreteSyntaxNode
                                                            { tokens =
                                                                [ MkPosToken
                                                                    { range = MkSrcRange
                                                                        { start = MkSrcPos
                                                                            { filename = "/home/hugin/Documents/haskell/cclaw/mattwaddington/jl4/./examples/means.l4"
                                                                            , line = 10
                                                                            , column = 15
                                                                            }
                                                                        , end = MkSrcPos
                                                                            { filename = "/home/hugin/Documents/haskell/cclaw/mattwaddington/jl4/./examples/means.l4"
                                                                            , line = 10
                                                                            , column = 19
                                                                            }
                                                                        , length = 4
                                                                        }
                                                                    , payload = TIdentifier "eats"
                                                                    }
                                                                ]
                                                            , visibility = Visible
                                                            }
                                                        , trailing = ConcreteSyntaxNode
                                                            { tokens =
                                                                [ MkPosToken
                                                                    { range = MkSrcRange
                                                                        { start = MkSrcPos
                                                                            { filename = "/home/hugin/Documents/haskell/cclaw/mattwaddington/jl4/./examples/means.l4"
                                                                            , line = 10
                                                                            , column = 19
                                                                            }
                                                                        , end = MkSrcPos
                                                                            { filename = "/home/hugin/Documents/haskell/cclaw/mattwaddington/jl4/./examples/means.l4"
                                                                            , line = 11
                                                                            , column = 1
                                                                            }
                                                                        , length = 1
                                                                        }
                                                                    , payload = TSpace "
                                                                      "
                                                                    }
                                                                ]
                                                            , visibility = Visible
                                                            }
                                                        }
                                                    )
                                                ]
                                            }
                                        ) "eats"
                                    )
                                )
                            )
                        )
                    )
                ]
            )
        ]
    ]
