MkProgram
    ( Anno
        { payload =
            [ AnnoCsn
                ( CsnCluster
                    { payload = ConcreteSyntaxNode
                        { tokens = []
                        , visibility = Hidden
                        }
                    , trailing = ConcreteSyntaxNode
                        { tokens = []
                        , visibility = Hidden
                        }
                    }
                )
            , AnnoHole
            ]
        }
    )
    [ MkSection
        ( Anno
            { payload =
                [ AnnoCsn
                    ( CsnCluster
                        { payload = ConcreteSyntaxNode
                            { tokens =
                                [ MkPosToken
                                    { range = MkSrcRange
                                        { start = MkSrcPos
                                            { filename = "/home/hugin/Documents/haskell/cclaw/mattwaddington/jl4/./examples/type.l4"
                                            , line = 1
                                            , column = 1
                                            }
                                        , end = MkSrcPos
                                            { filename = "/home/hugin/Documents/haskell/cclaw/mattwaddington/jl4/./examples/type.l4"
                                            , line = 1
                                            , column = 2
                                            }
                                        , length = 1
                                        }
                                    , payload = TParagraph
                                    }
                                ]
                            , visibility = Visible
                            }
                        , trailing = ConcreteSyntaxNode
                            { tokens =
                                [ MkPosToken
                                    { range = MkSrcRange
                                        { start = MkSrcPos
                                            { filename = "/home/hugin/Documents/haskell/cclaw/mattwaddington/jl4/./examples/type.l4"
                                            , line = 1
                                            , column = 2
                                            }
                                        , end = MkSrcPos
                                            { filename = "/home/hugin/Documents/haskell/cclaw/mattwaddington/jl4/./examples/type.l4"
                                            , line = 1
                                            , column = 3
                                            }
                                        , length = 1
                                        }
                                    , payload = TSpace " "
                                    }
                                ]
                            , visibility = Visible
                            }
                        }
                    )
                , AnnoHole
                , AnnoHole
                ]
            }
        ) 1
        ( Name
            ( Anno
                { payload =
                    [ AnnoCsn
                        ( CsnCluster
                            { payload = ConcreteSyntaxNode
                                { tokens =
                                    [ MkPosToken
                                        { range = MkSrcRange
                                            { start = MkSrcPos
                                                { filename = "/home/hugin/Documents/haskell/cclaw/mattwaddington/jl4/./examples/type.l4"
                                                , line = 1
                                                , column = 3
                                                }
                                            , end = MkSrcPos
                                                { filename = "/home/hugin/Documents/haskell/cclaw/mattwaddington/jl4/./examples/type.l4"
                                                , line = 1
                                                , column = 22
                                                }
                                            , length = 19
                                            }
                                        , payload = TQuoted "Type declarations"
                                        }
                                    ]
                                , visibility = Visible
                                }
                            , trailing = ConcreteSyntaxNode
                                { tokens =
                                    [ MkPosToken
                                        { range = MkSrcRange
                                            { start = MkSrcPos
                                                { filename = "/home/hugin/Documents/haskell/cclaw/mattwaddington/jl4/./examples/type.l4"
                                                , line = 1
                                                , column = 22
                                                }
                                            , end = MkSrcPos
                                                { filename = "/home/hugin/Documents/haskell/cclaw/mattwaddington/jl4/./examples/type.l4"
                                                , line = 3
                                                , column = 1
                                                }
                                            , length = 2
                                            }
                                        , payload = TSpace "

                                          "
                                        }
                                    ]
                                , visibility = Visible
                                }
                            }
                        )
                    ]
                }
            ) "Type declarations"
        )
        [ Declare
            ( Anno
                { payload = [ AnnoHole ] }
            )
            ( MkDeclare
                ( Anno
                    { payload =
                        [ AnnoCsn
                            ( CsnCluster
                                { payload = ConcreteSyntaxNode
                                    { tokens =
                                        [ MkPosToken
                                            { range = MkSrcRange
                                                { start = MkSrcPos
                                                    { filename = "/home/hugin/Documents/haskell/cclaw/mattwaddington/jl4/./examples/type.l4"
                                                    , line = 3
                                                    , column = 1
                                                    }
                                                , end = MkSrcPos
                                                    { filename = "/home/hugin/Documents/haskell/cclaw/mattwaddington/jl4/./examples/type.l4"
                                                    , line = 3
                                                    , column = 8
                                                    }
                                                , length = 7
                                                }
                                            , payload = TKDeclare
                                            }
                                        ]
                                    , visibility = Visible
                                    }
                                , trailing = ConcreteSyntaxNode
                                    { tokens =
                                        [ MkPosToken
                                            { range = MkSrcRange
                                                { start = MkSrcPos
                                                    { filename = "/home/hugin/Documents/haskell/cclaw/mattwaddington/jl4/./examples/type.l4"
                                                    , line = 3
                                                    , column = 8
                                                    }
                                                , end = MkSrcPos
                                                    { filename = "/home/hugin/Documents/haskell/cclaw/mattwaddington/jl4/./examples/type.l4"
                                                    , line = 3
                                                    , column = 9
                                                    }
                                                , length = 1
                                                }
                                            , payload = TSpace " "
                                            }
                                        ]
                                    , visibility = Visible
                                    }
                                }
                            )
                        , AnnoHole
                        , AnnoHole
                        ]
                    }
                )
                ( Name
                    ( Anno
                        { payload =
                            [ AnnoCsn
                                ( CsnCluster
                                    { payload = ConcreteSyntaxNode
                                        { tokens =
                                            [ MkPosToken
                                                { range = MkSrcRange
                                                    { start = MkSrcPos
                                                        { filename = "/home/hugin/Documents/haskell/cclaw/mattwaddington/jl4/./examples/type.l4"
                                                        , line = 3
                                                        , column = 9
                                                        }
                                                    , end = MkSrcPos
                                                        { filename = "/home/hugin/Documents/haskell/cclaw/mattwaddington/jl4/./examples/type.l4"
                                                        , line = 3
                                                        , column = 13
                                                        }
                                                    , length = 4
                                                    }
                                                , payload = TIdentifier "bool"
                                                }
                                            ]
                                        , visibility = Visible
                                        }
                                    , trailing = ConcreteSyntaxNode
                                        { tokens =
                                            [ MkPosToken
                                                { range = MkSrcRange
                                                    { start = MkSrcPos
                                                        { filename = "/home/hugin/Documents/haskell/cclaw/mattwaddington/jl4/./examples/type.l4"
                                                        , line = 3
                                                        , column = 13
                                                        }
                                                    , end = MkSrcPos
                                                        { filename = "/home/hugin/Documents/haskell/cclaw/mattwaddington/jl4/./examples/type.l4"
                                                        , line = 3
                                                        , column = 14
                                                        }
                                                    , length = 1
                                                    }
                                                , payload = TSpace " "
                                                }
                                            ]
                                        , visibility = Visible
                                        }
                                    }
                                )
                            ]
                        }
                    ) "bool"
                )
                ( Enum
                    ( Anno
                        { payload =
                            [ AnnoCsn
                                ( CsnCluster
                                    { payload = ConcreteSyntaxNode
                                        { tokens =
                                            [ MkPosToken
                                                { range = MkSrcRange
                                                    { start = MkSrcPos
                                                        { filename = "/home/hugin/Documents/haskell/cclaw/mattwaddington/jl4/./examples/type.l4"
                                                        , line = 3
                                                        , column = 14
                                                        }
                                                    , end = MkSrcPos
                                                        { filename = "/home/hugin/Documents/haskell/cclaw/mattwaddington/jl4/./examples/type.l4"
                                                        , line = 3
                                                        , column = 16
                                                        }
                                                    , length = 2
                                                    }
                                                , payload = TKIs
                                                }
                                            ]
                                        , visibility = Visible
                                        }
                                    , trailing = ConcreteSyntaxNode
                                        { tokens =
                                            [ MkPosToken
                                                { range = MkSrcRange
                                                    { start = MkSrcPos
                                                        { filename = "/home/hugin/Documents/haskell/cclaw/mattwaddington/jl4/./examples/type.l4"
                                                        , line = 3
                                                        , column = 16
                                                        }
                                                    , end = MkSrcPos
                                                        { filename = "/home/hugin/Documents/haskell/cclaw/mattwaddington/jl4/./examples/type.l4"
                                                        , line = 3
                                                        , column = 17
                                                        }
                                                    , length = 1
                                                    }
                                                , payload = TSpace " "
                                                }
                                            ]
                                        , visibility = Visible
                                        }
                                    }
                                )
                            , AnnoCsn
                                ( CsnCluster
                                    { payload = ConcreteSyntaxNode
                                        { tokens =
                                            [ MkPosToken
                                                { range = MkSrcRange
                                                    { start = MkSrcPos
                                                        { filename = "/home/hugin/Documents/haskell/cclaw/mattwaddington/jl4/./examples/type.l4"
                                                        , line = 3
                                                        , column = 17
                                                        }
                                                    , end = MkSrcPos
                                                        { filename = "/home/hugin/Documents/haskell/cclaw/mattwaddington/jl4/./examples/type.l4"
                                                        , line = 3
                                                        , column = 20
                                                        }
                                                    , length = 3
                                                    }
                                                , payload = TKOne
                                                }
                                            ]
                                        , visibility = Visible
                                        }
                                    , trailing = ConcreteSyntaxNode
                                        { tokens =
                                            [ MkPosToken
                                                { range = MkSrcRange
                                                    { start = MkSrcPos
                                                        { filename = "/home/hugin/Documents/haskell/cclaw/mattwaddington/jl4/./examples/type.l4"
                                                        , line = 3
                                                        , column = 20
                                                        }
                                                    , end = MkSrcPos
                                                        { filename = "/home/hugin/Documents/haskell/cclaw/mattwaddington/jl4/./examples/type.l4"
                                                        , line = 3
                                                        , column = 21
                                                        }
                                                    , length = 1
                                                    }
                                                , payload = TSpace " "
                                                }
                                            ]
                                        , visibility = Visible
                                        }
                                    }
                                )
                            , AnnoCsn
                                ( CsnCluster
                                    { payload = ConcreteSyntaxNode
                                        { tokens =
                                            [ MkPosToken
                                                { range = MkSrcRange
                                                    { start = MkSrcPos
                                                        { filename = "/home/hugin/Documents/haskell/cclaw/mattwaddington/jl4/./examples/type.l4"
                                                        , line = 3
                                                        , column = 21
                                                        }
                                                    , end = MkSrcPos
                                                        { filename = "/home/hugin/Documents/haskell/cclaw/mattwaddington/jl4/./examples/type.l4"
                                                        , line = 3
                                                        , column = 23
                                                        }
                                                    , length = 2
                                                    }
                                                , payload = TKOf
                                                }
                                            ]
                                        , visibility = Visible
                                        }
                                    , trailing = ConcreteSyntaxNode
                                        { tokens =
                                            [ MkPosToken
                                                { range = MkSrcRange
                                                    { start = MkSrcPos
                                                        { filename = "/home/hugin/Documents/haskell/cclaw/mattwaddington/jl4/./examples/type.l4"
                                                        , line = 3
                                                        , column = 23
                                                        }
                                                    , end = MkSrcPos
                                                        { filename = "/home/hugin/Documents/haskell/cclaw/mattwaddington/jl4/./examples/type.l4"
                                                        , line = 4
                                                        , column = 3
                                                        }
                                                    , length = 3
                                                    }
                                                , payload = TSpace "
                                                    "
                                                }
                                            ]
                                        , visibility = Visible
                                        }
                                    }
                                )
                            , AnnoHole
                            ]
                        }
                    )
                    [ Name
                        ( Anno
                            { payload =
                                [ AnnoCsn
                                    ( CsnCluster
                                        { payload = ConcreteSyntaxNode
                                            { tokens =
                                                [ MkPosToken
                                                    { range = MkSrcRange
                                                        { start = MkSrcPos
                                                            { filename = "/home/hugin/Documents/haskell/cclaw/mattwaddington/jl4/./examples/type.l4"
                                                            , line = 4
                                                            , column = 3
                                                            }
                                                        , end = MkSrcPos
                                                            { filename = "/home/hugin/Documents/haskell/cclaw/mattwaddington/jl4/./examples/type.l4"
                                                            , line = 4
                                                            , column = 7
                                                            }
                                                        , length = 4
                                                        }
                                                    , payload = TIdentifier "true"
                                                    }
                                                ]
                                            , visibility = Visible
                                            }
                                        , trailing = ConcreteSyntaxNode
                                            { tokens =
                                                [ MkPosToken
                                                    { range = MkSrcRange
                                                        { start = MkSrcPos
                                                            { filename = "/home/hugin/Documents/haskell/cclaw/mattwaddington/jl4/./examples/type.l4"
                                                            , line = 4
                                                            , column = 7
                                                            }
                                                        , end = MkSrcPos
                                                            { filename = "/home/hugin/Documents/haskell/cclaw/mattwaddington/jl4/./examples/type.l4"
                                                            , line = 5
                                                            , column = 3
                                                            }
                                                        , length = 3
                                                        }
                                                    , payload = TSpace "
                                                        "
                                                    }
                                                ]
                                            , visibility = Visible
                                            }
                                        }
                                    )
                                ]
                            }
                        ) "true"
                    , Name
                        ( Anno
                            { payload =
                                [ AnnoCsn
                                    ( CsnCluster
                                        { payload = ConcreteSyntaxNode
                                            { tokens =
                                                [ MkPosToken
                                                    { range = MkSrcRange
                                                        { start = MkSrcPos
                                                            { filename = "/home/hugin/Documents/haskell/cclaw/mattwaddington/jl4/./examples/type.l4"
                                                            , line = 5
                                                            , column = 3
                                                            }
                                                        , end = MkSrcPos
                                                            { filename = "/home/hugin/Documents/haskell/cclaw/mattwaddington/jl4/./examples/type.l4"
                                                            , line = 5
                                                            , column = 8
                                                            }
                                                        , length = 5
                                                        }
                                                    , payload = TIdentifier "false"
                                                    }
                                                ]
                                            , visibility = Visible
                                            }
                                        , trailing = ConcreteSyntaxNode
                                            { tokens =
                                                [ MkPosToken
                                                    { range = MkSrcRange
                                                        { start = MkSrcPos
                                                            { filename = "/home/hugin/Documents/haskell/cclaw/mattwaddington/jl4/./examples/type.l4"
                                                            , line = 5
                                                            , column = 8
                                                            }
                                                        , end = MkSrcPos
                                                            { filename = "/home/hugin/Documents/haskell/cclaw/mattwaddington/jl4/./examples/type.l4"
                                                            , line = 7
                                                            , column = 1
                                                            }
                                                        , length = 2
                                                        }
                                                    , payload = TSpace "

                                                      "
                                                    }
                                                ]
                                            , visibility = Visible
                                            }
                                        }
                                    )
                                ]
                            }
                        ) "false"
                    ]
                )
            )
        , Declare
            ( Anno
                { payload = [ AnnoHole ] }
            )
            ( MkDeclare
                ( Anno
                    { payload =
                        [ AnnoCsn
                            ( CsnCluster
                                { payload = ConcreteSyntaxNode
                                    { tokens =
                                        [ MkPosToken
                                            { range = MkSrcRange
                                                { start = MkSrcPos
                                                    { filename = "/home/hugin/Documents/haskell/cclaw/mattwaddington/jl4/./examples/type.l4"
                                                    , line = 7
                                                    , column = 1
                                                    }
                                                , end = MkSrcPos
                                                    { filename = "/home/hugin/Documents/haskell/cclaw/mattwaddington/jl4/./examples/type.l4"
                                                    , line = 7
                                                    , column = 8
                                                    }
                                                , length = 7
                                                }
                                            , payload = TKDeclare
                                            }
                                        ]
                                    , visibility = Visible
                                    }
                                , trailing = ConcreteSyntaxNode
                                    { tokens =
                                        [ MkPosToken
                                            { range = MkSrcRange
                                                { start = MkSrcPos
                                                    { filename = "/home/hugin/Documents/haskell/cclaw/mattwaddington/jl4/./examples/type.l4"
                                                    , line = 7
                                                    , column = 8
                                                    }
                                                , end = MkSrcPos
                                                    { filename = "/home/hugin/Documents/haskell/cclaw/mattwaddington/jl4/./examples/type.l4"
                                                    , line = 7
                                                    , column = 9
                                                    }
                                                , length = 1
                                                }
                                            , payload = TSpace " "
                                            }
                                        ]
                                    , visibility = Visible
                                    }
                                }
                            )
                        , AnnoHole
                        , AnnoHole
                        ]
                    }
                )
                ( Name
                    ( Anno
                        { payload =
                            [ AnnoCsn
                                ( CsnCluster
                                    { payload = ConcreteSyntaxNode
                                        { tokens =
                                            [ MkPosToken
                                                { range = MkSrcRange
                                                    { start = MkSrcPos
                                                        { filename = "/home/hugin/Documents/haskell/cclaw/mattwaddington/jl4/./examples/type.l4"
                                                        , line = 7
                                                        , column = 9
                                                        }
                                                    , end = MkSrcPos
                                                        { filename = "/home/hugin/Documents/haskell/cclaw/mattwaddington/jl4/./examples/type.l4"
                                                        , line = 7
                                                        , column = 14
                                                        }
                                                    , length = 5
                                                    }
                                                , payload = TIdentifier "bool2"
                                                }
                                            ]
                                        , visibility = Visible
                                        }
                                    , trailing = ConcreteSyntaxNode
                                        { tokens =
                                            [ MkPosToken
                                                { range = MkSrcRange
                                                    { start = MkSrcPos
                                                        { filename = "/home/hugin/Documents/haskell/cclaw/mattwaddington/jl4/./examples/type.l4"
                                                        , line = 7
                                                        , column = 14
                                                        }
                                                    , end = MkSrcPos
                                                        { filename = "/home/hugin/Documents/haskell/cclaw/mattwaddington/jl4/./examples/type.l4"
                                                        , line = 7
                                                        , column = 15
                                                        }
                                                    , length = 1
                                                    }
                                                , payload = TSpace " "
                                                }
                                            ]
                                        , visibility = Visible
                                        }
                                    }
                                )
                            ]
                        }
                    ) "bool2"
                )
                ( Enum
                    ( Anno
                        { payload =
                            [ AnnoCsn
                                ( CsnCluster
                                    { payload = ConcreteSyntaxNode
                                        { tokens =
                                            [ MkPosToken
                                                { range = MkSrcRange
                                                    { start = MkSrcPos
                                                        { filename = "/home/hugin/Documents/haskell/cclaw/mattwaddington/jl4/./examples/type.l4"
                                                        , line = 7
                                                        , column = 15
                                                        }
                                                    , end = MkSrcPos
                                                        { filename = "/home/hugin/Documents/haskell/cclaw/mattwaddington/jl4/./examples/type.l4"
                                                        , line = 7
                                                        , column = 17
                                                        }
                                                    , length = 2
                                                    }
                                                , payload = TKIs
                                                }
                                            ]
                                        , visibility = Visible
                                        }
                                    , trailing = ConcreteSyntaxNode
                                        { tokens =
                                            [ MkPosToken
                                                { range = MkSrcRange
                                                    { start = MkSrcPos
                                                        { filename = "/home/hugin/Documents/haskell/cclaw/mattwaddington/jl4/./examples/type.l4"
                                                        , line = 7
                                                        , column = 17
                                                        }
                                                    , end = MkSrcPos
                                                        { filename = "/home/hugin/Documents/haskell/cclaw/mattwaddington/jl4/./examples/type.l4"
                                                        , line = 7
                                                        , column = 18
                                                        }
                                                    , length = 1
                                                    }
                                                , payload = TSpace " "
                                                }
                                            ]
                                        , visibility = Visible
                                        }
                                    }
                                )
                            , AnnoCsn
                                ( CsnCluster
                                    { payload = ConcreteSyntaxNode
                                        { tokens =
                                            [ MkPosToken
                                                { range = MkSrcRange
                                                    { start = MkSrcPos
                                                        { filename = "/home/hugin/Documents/haskell/cclaw/mattwaddington/jl4/./examples/type.l4"
                                                        , line = 7
                                                        , column = 18
                                                        }
                                                    , end = MkSrcPos
                                                        { filename = "/home/hugin/Documents/haskell/cclaw/mattwaddington/jl4/./examples/type.l4"
                                                        , line = 7
                                                        , column = 21
                                                        }
                                                    , length = 3
                                                    }
                                                , payload = TKOne
                                                }
                                            ]
                                        , visibility = Visible
                                        }
                                    , trailing = ConcreteSyntaxNode
                                        { tokens =
                                            [ MkPosToken
                                                { range = MkSrcRange
                                                    { start = MkSrcPos
                                                        { filename = "/home/hugin/Documents/haskell/cclaw/mattwaddington/jl4/./examples/type.l4"
                                                        , line = 7
                                                        , column = 21
                                                        }
                                                    , end = MkSrcPos
                                                        { filename = "/home/hugin/Documents/haskell/cclaw/mattwaddington/jl4/./examples/type.l4"
                                                        , line = 7
                                                        , column = 22
                                                        }
                                                    , length = 1
                                                    }
                                                , payload = TSpace " "
                                                }
                                            ]
                                        , visibility = Visible
                                        }
                                    }
                                )
                            , AnnoCsn
                                ( CsnCluster
                                    { payload = ConcreteSyntaxNode
                                        { tokens =
                                            [ MkPosToken
                                                { range = MkSrcRange
                                                    { start = MkSrcPos
                                                        { filename = "/home/hugin/Documents/haskell/cclaw/mattwaddington/jl4/./examples/type.l4"
                                                        , line = 7
                                                        , column = 22
                                                        }
                                                    , end = MkSrcPos
                                                        { filename = "/home/hugin/Documents/haskell/cclaw/mattwaddington/jl4/./examples/type.l4"
                                                        , line = 7
                                                        , column = 24
                                                        }
                                                    , length = 2
                                                    }
                                                , payload = TKOf
                                                }
                                            ]
                                        , visibility = Visible
                                        }
                                    , trailing = ConcreteSyntaxNode
                                        { tokens =
                                            [ MkPosToken
                                                { range = MkSrcRange
                                                    { start = MkSrcPos
                                                        { filename = "/home/hugin/Documents/haskell/cclaw/mattwaddington/jl4/./examples/type.l4"
                                                        , line = 7
                                                        , column = 24
                                                        }
                                                    , end = MkSrcPos
                                                        { filename = "/home/hugin/Documents/haskell/cclaw/mattwaddington/jl4/./examples/type.l4"
                                                        , line = 7
                                                        , column = 25
                                                        }
                                                    , length = 1
                                                    }
                                                , payload = TSpace " "
                                                }
                                            ]
                                        , visibility = Visible
                                        }
                                    }
                                )
                            , AnnoHole
                            ]
                        }
                    )
                    [ Name
                        ( Anno
                            { payload =
                                [ AnnoCsn
                                    ( CsnCluster
                                        { payload = ConcreteSyntaxNode
                                            { tokens =
                                                [ MkPosToken
                                                    { range = MkSrcRange
                                                        { start = MkSrcPos
                                                            { filename = "/home/hugin/Documents/haskell/cclaw/mattwaddington/jl4/./examples/type.l4"
                                                            , line = 7
                                                            , column = 25
                                                            }
                                                        , end = MkSrcPos
                                                            { filename = "/home/hugin/Documents/haskell/cclaw/mattwaddington/jl4/./examples/type.l4"
                                                            , line = 7
                                                            , column = 29
                                                            }
                                                        , length = 4
                                                        }
                                                    , payload = TIdentifier "true"
                                                    }
                                                ]
                                            , visibility = Visible
                                            }
                                        , trailing = ConcreteSyntaxNode
                                            { tokens = []
                                            , visibility = Hidden
                                            }
                                        }
                                    )
                                , AnnoCsn
                                    ( CsnCluster
                                        { payload = ConcreteSyntaxNode
                                            { tokens =
                                                [ MkPosToken
                                                    { range = MkSrcRange
                                                        { start = MkSrcPos
                                                            { filename = "/home/hugin/Documents/haskell/cclaw/mattwaddington/jl4/./examples/type.l4"
                                                            , line = 7
                                                            , column = 29
                                                            }
                                                        , end = MkSrcPos
                                                            { filename = "/home/hugin/Documents/haskell/cclaw/mattwaddington/jl4/./examples/type.l4"
                                                            , line = 7
                                                            , column = 30
                                                            }
                                                        , length = 1
                                                        }
                                                    , payload = TComma
                                                    }
                                                ]
                                            , visibility = Visible
                                            }
                                        , trailing = ConcreteSyntaxNode
                                            { tokens =
                                                [ MkPosToken
                                                    { range = MkSrcRange
                                                        { start = MkSrcPos
                                                            { filename = "/home/hugin/Documents/haskell/cclaw/mattwaddington/jl4/./examples/type.l4"
                                                            , line = 7
                                                            , column = 30
                                                            }
                                                        , end = MkSrcPos
                                                            { filename = "/home/hugin/Documents/haskell/cclaw/mattwaddington/jl4/./examples/type.l4"
                                                            , line = 7
                                                            , column = 31
                                                            }
                                                        , length = 1
                                                        }
                                                    , payload = TSpace " "
                                                    }
                                                ]
                                            , visibility = Visible
                                            }
                                        }
                                    )
                                ]
                            }
                        ) "true"
                    , Name
                        ( Anno
                            { payload =
                                [ AnnoCsn
                                    ( CsnCluster
                                        { payload = ConcreteSyntaxNode
                                            { tokens =
                                                [ MkPosToken
                                                    { range = MkSrcRange
                                                        { start = MkSrcPos
                                                            { filename = "/home/hugin/Documents/haskell/cclaw/mattwaddington/jl4/./examples/type.l4"
                                                            , line = 7
                                                            , column = 31
                                                            }
                                                        , end = MkSrcPos
                                                            { filename = "/home/hugin/Documents/haskell/cclaw/mattwaddington/jl4/./examples/type.l4"
                                                            , line = 7
                                                            , column = 36
                                                            }
                                                        , length = 5
                                                        }
                                                    , payload = TIdentifier "false"
                                                    }
                                                ]
                                            , visibility = Visible
                                            }
                                        , trailing = ConcreteSyntaxNode
                                            { tokens =
                                                [ MkPosToken
                                                    { range = MkSrcRange
                                                        { start = MkSrcPos
                                                            { filename = "/home/hugin/Documents/haskell/cclaw/mattwaddington/jl4/./examples/type.l4"
                                                            , line = 7
                                                            , column = 36
                                                            }
                                                        , end = MkSrcPos
                                                            { filename = "/home/hugin/Documents/haskell/cclaw/mattwaddington/jl4/./examples/type.l4"
                                                            , line = 9
                                                            , column = 1
                                                            }
                                                        , length = 2
                                                        }
                                                    , payload = TSpace "

                                                      "
                                                    }
                                                , MkPosToken
                                                    { range = MkSrcRange
                                                        { start = MkSrcPos
                                                            { filename = "/home/hugin/Documents/haskell/cclaw/mattwaddington/jl4/./examples/type.l4"
                                                            , line = 9
                                                            , column = 1
                                                            }
                                                        , end = MkSrcPos
                                                            { filename = "/home/hugin/Documents/haskell/cclaw/mattwaddington/jl4/./examples/type.l4"
                                                            , line = 9
                                                            , column = 60
                                                            }
                                                        , length = 59
                                                        }
                                                    , payload = TLineComment "-- quoting the constructors is necessary because currently,"
                                                    }
                                                , MkPosToken
                                                    { range = MkSrcRange
                                                        { start = MkSrcPos
                                                            { filename = "/home/hugin/Documents/haskell/cclaw/mattwaddington/jl4/./examples/type.l4"
                                                            , line = 9
                                                            , column = 60
                                                            }
                                                        , end = MkSrcPos
                                                            { filename = "/home/hugin/Documents/haskell/cclaw/mattwaddington/jl4/./examples/type.l4"
                                                            , line = 10
                                                            , column = 1
                                                            }
                                                        , length = 1
                                                        }
                                                    , payload = TSpace "
                                                      "
                                                    }
                                                , MkPosToken
                                                    { range = MkSrcRange
                                                        { start = MkSrcPos
                                                            { filename = "/home/hugin/Documents/haskell/cclaw/mattwaddington/jl4/./examples/type.l4"
                                                            , line = 10
                                                            , column = 1
                                                            }
                                                        , end = MkSrcPos
                                                            { filename = "/home/hugin/Documents/haskell/cclaw/mattwaddington/jl4/./examples/type.l4"
                                                            , line = 10
                                                            , column = 31
                                                            }
                                                        , length = 30
                                                        }
                                                    , payload = TLineComment "-- TRUE and FALSE are keywords"
                                                    }
                                                , MkPosToken
                                                    { range = MkSrcRange
                                                        { start = MkSrcPos
                                                            { filename = "/home/hugin/Documents/haskell/cclaw/mattwaddington/jl4/./examples/type.l4"
                                                            , line = 10
                                                            , column = 31
                                                            }
                                                        , end = MkSrcPos
                                                            { filename = "/home/hugin/Documents/haskell/cclaw/mattwaddington/jl4/./examples/type.l4"
                                                            , line = 11
                                                            , column = 1
                                                            }
                                                        , length = 1
                                                        }
                                                    , payload = TSpace "
                                                      "
                                                    }
                                                ]
                                            , visibility = Visible
                                            }
                                        }
                                    )
                                ]
                            }
                        ) "false"
                    ]
                )
            )
        , Declare
            ( Anno
                { payload = [ AnnoHole ] }
            )
            ( MkDeclare
                ( Anno
                    { payload =
                        [ AnnoCsn
                            ( CsnCluster
                                { payload = ConcreteSyntaxNode
                                    { tokens =
                                        [ MkPosToken
                                            { range = MkSrcRange
                                                { start = MkSrcPos
                                                    { filename = "/home/hugin/Documents/haskell/cclaw/mattwaddington/jl4/./examples/type.l4"
                                                    , line = 11
                                                    , column = 1
                                                    }
                                                , end = MkSrcPos
                                                    { filename = "/home/hugin/Documents/haskell/cclaw/mattwaddington/jl4/./examples/type.l4"
                                                    , line = 11
                                                    , column = 8
                                                    }
                                                , length = 7
                                                }
                                            , payload = TKDeclare
                                            }
                                        ]
                                    , visibility = Visible
                                    }
                                , trailing = ConcreteSyntaxNode
                                    { tokens =
                                        [ MkPosToken
                                            { range = MkSrcRange
                                                { start = MkSrcPos
                                                    { filename = "/home/hugin/Documents/haskell/cclaw/mattwaddington/jl4/./examples/type.l4"
                                                    , line = 11
                                                    , column = 8
                                                    }
                                                , end = MkSrcPos
                                                    { filename = "/home/hugin/Documents/haskell/cclaw/mattwaddington/jl4/./examples/type.l4"
                                                    , line = 11
                                                    , column = 9
                                                    }
                                                , length = 1
                                                }
                                            , payload = TSpace " "
                                            }
                                        ]
                                    , visibility = Visible
                                    }
                                }
                            )
                        , AnnoHole
                        , AnnoHole
                        ]
                    }
                )
                ( Name
                    ( Anno
                        { payload =
                            [ AnnoCsn
                                ( CsnCluster
                                    { payload = ConcreteSyntaxNode
                                        { tokens =
                                            [ MkPosToken
                                                { range = MkSrcRange
                                                    { start = MkSrcPos
                                                        { filename = "/home/hugin/Documents/haskell/cclaw/mattwaddington/jl4/./examples/type.l4"
                                                        , line = 11
                                                        , column = 9
                                                        }
                                                    , end = MkSrcPos
                                                        { filename = "/home/hugin/Documents/haskell/cclaw/mattwaddington/jl4/./examples/type.l4"
                                                        , line = 11
                                                        , column = 13
                                                        }
                                                    , length = 4
                                                    }
                                                , payload = TIdentifier "BOOL"
                                                }
                                            ]
                                        , visibility = Visible
                                        }
                                    , trailing = ConcreteSyntaxNode
                                        { tokens =
                                            [ MkPosToken
                                                { range = MkSrcRange
                                                    { start = MkSrcPos
                                                        { filename = "/home/hugin/Documents/haskell/cclaw/mattwaddington/jl4/./examples/type.l4"
                                                        , line = 11
                                                        , column = 13
                                                        }
                                                    , end = MkSrcPos
                                                        { filename = "/home/hugin/Documents/haskell/cclaw/mattwaddington/jl4/./examples/type.l4"
                                                        , line = 11
                                                        , column = 14
                                                        }
                                                    , length = 1
                                                    }
                                                , payload = TSpace " "
                                                }
                                            ]
                                        , visibility = Visible
                                        }
                                    }
                                )
                            ]
                        }
                    ) "BOOL"
                )
                ( Enum
                    ( Anno
                        { payload =
                            [ AnnoCsn
                                ( CsnCluster
                                    { payload = ConcreteSyntaxNode
                                        { tokens =
                                            [ MkPosToken
                                                { range = MkSrcRange
                                                    { start = MkSrcPos
                                                        { filename = "/home/hugin/Documents/haskell/cclaw/mattwaddington/jl4/./examples/type.l4"
                                                        , line = 11
                                                        , column = 14
                                                        }
                                                    , end = MkSrcPos
                                                        { filename = "/home/hugin/Documents/haskell/cclaw/mattwaddington/jl4/./examples/type.l4"
                                                        , line = 11
                                                        , column = 16
                                                        }
                                                    , length = 2
                                                    }
                                                , payload = TKIs
                                                }
                                            ]
                                        , visibility = Visible
                                        }
                                    , trailing = ConcreteSyntaxNode
                                        { tokens =
                                            [ MkPosToken
                                                { range = MkSrcRange
                                                    { start = MkSrcPos
                                                        { filename = "/home/hugin/Documents/haskell/cclaw/mattwaddington/jl4/./examples/type.l4"
                                                        , line = 11
                                                        , column = 16
                                                        }
                                                    , end = MkSrcPos
                                                        { filename = "/home/hugin/Documents/haskell/cclaw/mattwaddington/jl4/./examples/type.l4"
                                                        , line = 11
                                                        , column = 17
                                                        }
                                                    , length = 1
                                                    }
                                                , payload = TSpace " "
                                                }
                                            ]
                                        , visibility = Visible
                                        }
                                    }
                                )
                            , AnnoCsn
                                ( CsnCluster
                                    { payload = ConcreteSyntaxNode
                                        { tokens =
                                            [ MkPosToken
                                                { range = MkSrcRange
                                                    { start = MkSrcPos
                                                        { filename = "/home/hugin/Documents/haskell/cclaw/mattwaddington/jl4/./examples/type.l4"
                                                        , line = 11
                                                        , column = 17
                                                        }
                                                    , end = MkSrcPos
                                                        { filename = "/home/hugin/Documents/haskell/cclaw/mattwaddington/jl4/./examples/type.l4"
                                                        , line = 11
                                                        , column = 20
                                                        }
                                                    , length = 3
                                                    }
                                                , payload = TKOne
                                                }
                                            ]
                                        , visibility = Visible
                                        }
                                    , trailing = ConcreteSyntaxNode
                                        { tokens =
                                            [ MkPosToken
                                                { range = MkSrcRange
                                                    { start = MkSrcPos
                                                        { filename = "/home/hugin/Documents/haskell/cclaw/mattwaddington/jl4/./examples/type.l4"
                                                        , line = 11
                                                        , column = 20
                                                        }
                                                    , end = MkSrcPos
                                                        { filename = "/home/hugin/Documents/haskell/cclaw/mattwaddington/jl4/./examples/type.l4"
                                                        , line = 11
                                                        , column = 21
                                                        }
                                                    , length = 1
                                                    }
                                                , payload = TSpace " "
                                                }
                                            ]
                                        , visibility = Visible
                                        }
                                    }
                                )
                            , AnnoCsn
                                ( CsnCluster
                                    { payload = ConcreteSyntaxNode
                                        { tokens =
                                            [ MkPosToken
                                                { range = MkSrcRange
                                                    { start = MkSrcPos
                                                        { filename = "/home/hugin/Documents/haskell/cclaw/mattwaddington/jl4/./examples/type.l4"
                                                        , line = 11
                                                        , column = 21
                                                        }
                                                    , end = MkSrcPos
                                                        { filename = "/home/hugin/Documents/haskell/cclaw/mattwaddington/jl4/./examples/type.l4"
                                                        , line = 11
                                                        , column = 23
                                                        }
                                                    , length = 2
                                                    }
                                                , payload = TKOf
                                                }
                                            ]
                                        , visibility = Visible
                                        }
                                    , trailing = ConcreteSyntaxNode
                                        { tokens =
                                            [ MkPosToken
                                                { range = MkSrcRange
                                                    { start = MkSrcPos
                                                        { filename = "/home/hugin/Documents/haskell/cclaw/mattwaddington/jl4/./examples/type.l4"
                                                        , line = 11
                                                        , column = 23
                                                        }
                                                    , end = MkSrcPos
                                                        { filename = "/home/hugin/Documents/haskell/cclaw/mattwaddington/jl4/./examples/type.l4"
                                                        , line = 12
                                                        , column = 3
                                                        }
                                                    , length = 3
                                                    }
                                                , payload = TSpace "
                                                    "
                                                }
                                            ]
                                        , visibility = Visible
                                        }
                                    }
                                )
                            , AnnoHole
                            ]
                        }
                    )
                    [ Name
                        ( Anno
                            { payload =
                                [ AnnoCsn
                                    ( CsnCluster
                                        { payload = ConcreteSyntaxNode
                                            { tokens =
                                                [ MkPosToken
                                                    { range = MkSrcRange
                                                        { start = MkSrcPos
                                                            { filename = "/home/hugin/Documents/haskell/cclaw/mattwaddington/jl4/./examples/type.l4"
                                                            , line = 12
                                                            , column = 3
                                                            }
                                                        , end = MkSrcPos
                                                            { filename = "/home/hugin/Documents/haskell/cclaw/mattwaddington/jl4/./examples/type.l4"
                                                            , line = 12
                                                            , column = 9
                                                            }
                                                        , length = 6
                                                        }
                                                    , payload = TQuoted "TRUE"
                                                    }
                                                ]
                                            , visibility = Visible
                                            }
                                        , trailing = ConcreteSyntaxNode
                                            { tokens =
                                                [ MkPosToken
                                                    { range = MkSrcRange
                                                        { start = MkSrcPos
                                                            { filename = "/home/hugin/Documents/haskell/cclaw/mattwaddington/jl4/./examples/type.l4"
                                                            , line = 12
                                                            , column = 9
                                                            }
                                                        , end = MkSrcPos
                                                            { filename = "/home/hugin/Documents/haskell/cclaw/mattwaddington/jl4/./examples/type.l4"
                                                            , line = 13
                                                            , column = 3
                                                            }
                                                        , length = 3
                                                        }
                                                    , payload = TSpace "
                                                        "
                                                    }
                                                ]
                                            , visibility = Visible
                                            }
                                        }
                                    )
                                ]
                            }
                        ) "TRUE"
                    , Name
                        ( Anno
                            { payload =
                                [ AnnoCsn
                                    ( CsnCluster
                                        { payload = ConcreteSyntaxNode
                                            { tokens =
                                                [ MkPosToken
                                                    { range = MkSrcRange
                                                        { start = MkSrcPos
                                                            { filename = "/home/hugin/Documents/haskell/cclaw/mattwaddington/jl4/./examples/type.l4"
                                                            , line = 13
                                                            , column = 3
                                                            }
                                                        , end = MkSrcPos
                                                            { filename = "/home/hugin/Documents/haskell/cclaw/mattwaddington/jl4/./examples/type.l4"
                                                            , line = 13
                                                            , column = 10
                                                            }
                                                        , length = 7
                                                        }
                                                    , payload = TQuoted "FALSE"
                                                    }
                                                ]
                                            , visibility = Visible
                                            }
                                        , trailing = ConcreteSyntaxNode
                                            { tokens =
                                                [ MkPosToken
                                                    { range = MkSrcRange
                                                        { start = MkSrcPos
                                                            { filename = "/home/hugin/Documents/haskell/cclaw/mattwaddington/jl4/./examples/type.l4"
                                                            , line = 13
                                                            , column = 10
                                                            }
                                                        , end = MkSrcPos
                                                            { filename = "/home/hugin/Documents/haskell/cclaw/mattwaddington/jl4/./examples/type.l4"
                                                            , line = 14
                                                            , column = 1
                                                            }
                                                        , length = 1
                                                        }
                                                    , payload = TSpace "
                                                      "
                                                    }
                                                ]
                                            , visibility = Visible
                                            }
                                        }
                                    )
                                ]
                            }
                        ) "FALSE"
                    ]
                )
            )
        ]
    ]
