MkProgram
    [ MkSection 1 "Type declarations"
        [ Declare
            ( MkDeclare "bool"
                ( Enum
                    [ "true"
                    , "false"
                    ]
                )
            )
        , Declare
            ( MkDeclare "bool2"
                ( Enum
                    [ "true"
                    , "false"
                    ]
                )
            )
        , Declare
            ( MkDeclare "BOOL"
                ( Enum
                    [ "TRUE"
                    , "FALSE"
                    ]
                )
            )
        ]
    ]
