Parsing successful
Typechecking successful
Info | updateFileDiagnostics published different from new diagnostics - file diagnostics:
File: error-directive-ambiguity.l4
  Hidden:   no
  Range:    9:7-9:15
  Source:   check
  Severity: DiagnosticSeverity_Error
  Code:     <none>
  Message: 
    There are multiple definitions for the identifier

      foo

    and I do not have sufficient information to make a choice between them.
    The options are:

      foo (defined at error-directive-ambiguity.l4:3:8-11) of type FUNCTION FROM BOOLEAN TO BOOLEAN
      foo (defined at error-directive-ambiguity.l4:6:8-11) of type FUNCTION FROM BOOLEAN TO BOOLEAN

File: error-directive-ambiguity.l4
  Hidden:   no
  Range:    10:8-10:16
  Source:   check
  Severity: DiagnosticSeverity_Error
  Code:     <none>
  Message: 
    There are multiple definitions for the identifier

      foo

    and I do not have sufficient information to make a choice between them.
    The options are:

      foo (defined at error-directive-ambiguity.l4:3:8-11) of type FUNCTION FROM BOOLEAN TO BOOLEAN
      foo (defined at error-directive-ambiguity.l4:6:8-11) of type FUNCTION FROM BOOLEAN TO BOOLEAN

File: error-directive-ambiguity.l4
  Hidden:   no
  Range:    10:8-10:16
  Source:   check
  Severity: DiagnosticSeverity_Information
  Code:     <none>
  Message:  res12 