Parsing successful
Typechecking successful
Info | updateFileDiagnostics published different from new diagnostics - file diagnostics:
File: pattern-nested-multibranch-partial.l4
  Hidden: no
  Range: 18:3-20:37
  Source: check
  Severity: DiagnosticSeverity_Warning
  Code: <none>
  Message:
    The following branches still need to be considered:

      WHEN W NOTHING (JUST `_`) `_` THEN
      WHEN W NOTHING NOTHING FALSE THEN
      WHEN W (JUST `_`) NOTHING `_` THEN
      WHEN W (JUST `_`) (JUST NOTHING) `_` THEN
      WHEN W (JUST `_`) (JUST (JUST `_`)) TRUE THEN

