Parsing successful
Typechecking successful
Info | updateFileDiagnostics published different from new diagnostics - file diagnostics:
File: tdnr-ambiguous.l4
  Hidden:   no
  Range:    3:8-3:11
  Source:   check
  Severity: DiagnosticSeverity_Warning
  Code:     <none>
  Message: 
    ASSUME is deprecated and will be removed in a future version.

    The declaration of `foo` uses ASSUME.

    Consider using one of these alternatives:
      - GIVEN: for function parameters
      - DECLARE: for type declarations

File: tdnr-ambiguous.l4
  Hidden:   no
  Range:    4:8-4:11
  Source:   check
  Severity: DiagnosticSeverity_Warning
  Code:     <none>
  Message: 
    ASSUME is deprecated and will be removed in a future version.

    The declaration of `foo` uses ASSUME.

    Consider using one of these alternatives:
      - GIVEN: for function parameters
      - DECLARE: for type declarations

File: tdnr-ambiguous.l4
  Hidden:   no
  Range:    7:6-7:9
  Source:   check
  Severity: DiagnosticSeverity_Error
  Code:     <none>
  Message: 
    There are multiple definitions for the identifier

      foo

    and I do not have sufficient information to make a choice between them.
    The options are:

      foo (defined at tdnr-ambiguous.l4:4:8-11) of type BOOLEAN
      foo (defined at tdnr-ambiguous.l4:3:8-11) of type NUMBER

File: tdnr-ambiguous.l4
  Hidden:   no
  Range:    9:8-9:11
  Source:   check
  Severity: DiagnosticSeverity_Warning
  Code:     <none>
  Message: 
    ASSUME is deprecated and will be removed in a future version.

    The declaration of `baz` uses ASSUME.

    Consider using one of these alternatives:
      - GIVEN: for function parameters
      - DECLARE: for type declarations

File: tdnr-ambiguous.l4
  Hidden:   no
  Range:    10:8-10:11
  Source:   check
  Severity: DiagnosticSeverity_Warning
  Code:     <none>
  Message: 
    ASSUME is deprecated and will be removed in a future version.

    The declaration of `baz` uses ASSUME.

    Consider using one of these alternatives:
      - GIVEN: for function parameters
      - DECLARE: for type declarations

File: tdnr-ambiguous.l4
  Hidden:   no
  Range:    14:18-14:21
  Source:   check
  Severity: DiagnosticSeverity_Error
  Code:     <none>
  Message: 
    There are multiple definitions for the identifier

      foo

    and I do not have sufficient information to make a choice between them.
    The options are:

      foo (defined at tdnr-ambiguous.l4:4:8-11) of type BOOLEAN
      foo (defined at tdnr-ambiguous.l4:3:8-11) of type NUMBER

File: tdnr-ambiguous.l4
  Hidden:   no
  Range:    14:27-14:30
  Source:   check
  Severity: DiagnosticSeverity_Error
  Code:     <none>
  Message: 
    There are multiple definitions for the identifier

      foo

    and I do not have sufficient information to make a choice between them.
    The options are:

      foo (defined at tdnr-ambiguous.l4:4:8-11) of type BOOLEAN
      foo (defined at tdnr-ambiguous.l4:3:8-11) of type NUMBER
