{
    "$schema": "https://json-schema.org/draft/2020-12/schema",
    "properties": {
        "content": {
            "$ref": "#/$defs/STRING"
        },
        "role": {
            "$ref": "#/$defs/STRING"
        }
    },
    "required": [
        "role",
        "content"
    ],
    "title": "createMessage",
    "type": "object"
}
