Phase: Lexer
0:0-1 SemanticTokenTypes_Operator
0:2-15 SemanticTokenTypes_Variable
1:0-69 SemanticTokenTypes_Comment
2:0-82 SemanticTokenTypes_Comment
3:0-2 SemanticTokenTypes_Comment
4:0-77 SemanticTokenTypes_Comment
5:0-77 SemanticTokenTypes_Comment
6:0-28 SemanticTokenTypes_Comment
7:0-36 SemanticTokenTypes_Comment
9:0-6 SemanticTokenTypes_Keyword
9:7-13 SemanticTokenTypes_Variable
9:14-16 SemanticTokenTypes_Keyword
9:17-18 SemanticTokenTypes_Keyword
9:19-23 SemanticTokenTypes_Keyword
10:0-6 SemanticTokenTypes_Keyword
10:7-22 SemanticTokenTypes_Variable
10:24-26 SemanticTokenTypes_Keyword
10:27-28 SemanticTokenTypes_Keyword
10:29-37 SemanticTokenTypes_Keyword
10:38-42 SemanticTokenTypes_Keyword
10:43-49 SemanticTokenTypes_Variable
10:50-52 SemanticTokenTypes_Keyword
10:53-60 SemanticTokenTypes_Variable
12:0-6 SemanticTokenTypes_Keyword
12:7-15 SemanticTokenTypes_Variable
12:16-18 SemanticTokenTypes_Keyword
12:19-20 SemanticTokenTypes_Keyword
12:21-25 SemanticTokenTypes_Keyword
13:0-6 SemanticTokenTypes_Keyword
13:7-41 SemanticTokenTypes_Variable
13:42-44 SemanticTokenTypes_Keyword
13:45-46 SemanticTokenTypes_Keyword
13:47-55 SemanticTokenTypes_Keyword
13:56-60 SemanticTokenTypes_Keyword
13:61-69 SemanticTokenTypes_Variable
13:70-72 SemanticTokenTypes_Keyword
13:73-80 SemanticTokenTypes_Variable
14:0-6 SemanticTokenTypes_Keyword
14:7-18 SemanticTokenTypes_Variable
14:19-21 SemanticTokenTypes_Keyword
14:22-23 SemanticTokenTypes_Keyword
14:24-32 SemanticTokenTypes_Keyword
14:33-37 SemanticTokenTypes_Keyword
14:38-46 SemanticTokenTypes_Variable
14:47-49 SemanticTokenTypes_Keyword
14:50-57 SemanticTokenTypes_Variable

Phase: Parse
0:0-1 SemanticTokenTypes_Operator
0:2-15 SemanticTokenTypes_Interface
1:0-69 SemanticTokenTypes_Comment
2:0-82 SemanticTokenTypes_Comment
3:0-2 SemanticTokenTypes_Comment
4:0-77 SemanticTokenTypes_Comment
5:0-77 SemanticTokenTypes_Comment
6:0-28 SemanticTokenTypes_Comment
7:0-36 SemanticTokenTypes_Comment
9:0-6 SemanticTokenTypes_Keyword
9:7-13 SemanticTokenTypes_Variable
9:14-16 SemanticTokenTypes_Keyword
9:17-18 SemanticTokenTypes_Keyword
9:19-23 SemanticTokenTypes_Keyword
10:0-6 SemanticTokenTypes_Keyword
10:7-22 SemanticTokenTypes_Variable
10:24-26 SemanticTokenTypes_Keyword
10:27-28 SemanticTokenTypes_Keyword
10:29-37 SemanticTokenTypes_Keyword
10:38-42 SemanticTokenTypes_Keyword
10:43-49 SemanticTokenTypes_Type
10:50-52 SemanticTokenTypes_Keyword
10:53-60 SemanticTokenTypes_Type
12:0-6 SemanticTokenTypes_Keyword
12:7-15 SemanticTokenTypes_Variable
12:16-18 SemanticTokenTypes_Keyword
12:19-20 SemanticTokenTypes_Keyword
12:21-25 SemanticTokenTypes_Keyword
13:0-6 SemanticTokenTypes_Keyword
13:7-41 SemanticTokenTypes_Variable
13:42-44 SemanticTokenTypes_Keyword
13:45-46 SemanticTokenTypes_Keyword
13:47-55 SemanticTokenTypes_Keyword
13:56-60 SemanticTokenTypes_Keyword
13:61-69 SemanticTokenTypes_Type
13:70-72 SemanticTokenTypes_Keyword
13:73-80 SemanticTokenTypes_Type
14:0-6 SemanticTokenTypes_Keyword
14:7-18 SemanticTokenTypes_Variable
14:19-21 SemanticTokenTypes_Keyword
14:22-23 SemanticTokenTypes_Keyword
14:24-32 SemanticTokenTypes_Keyword
14:33-37 SemanticTokenTypes_Keyword
14:38-46 SemanticTokenTypes_Type
14:47-49 SemanticTokenTypes_Keyword
14:50-57 SemanticTokenTypes_Type

Phase: Check
0:0-1 SemanticTokenTypes_Operator
0:2-15 SemanticTokenTypes_Interface
1:0-69 SemanticTokenTypes_Comment
2:0-82 SemanticTokenTypes_Comment
3:0-2 SemanticTokenTypes_Comment
4:0-77 SemanticTokenTypes_Comment
5:0-77 SemanticTokenTypes_Comment
6:0-28 SemanticTokenTypes_Comment
7:0-36 SemanticTokenTypes_Comment
9:0-6 SemanticTokenTypes_Keyword
9:7-13 SemanticTokenTypes_Type
9:14-16 SemanticTokenTypes_Keyword
9:17-18 SemanticTokenTypes_Keyword
9:19-23 SemanticTokenTypes_Keyword
10:0-6 SemanticTokenTypes_Keyword
10:7-22 SemanticTokenTypes_Function
10:24-26 SemanticTokenTypes_Keyword
10:27-28 SemanticTokenTypes_Keyword
10:29-37 SemanticTokenTypes_Keyword
10:38-42 SemanticTokenTypes_Keyword
10:43-49 SemanticTokenTypes_Type
10:50-52 SemanticTokenTypes_Keyword
10:53-60 SemanticTokenTypes_Type
12:0-6 SemanticTokenTypes_Keyword
12:7-15 SemanticTokenTypes_Type
12:16-18 SemanticTokenTypes_Keyword
12:19-20 SemanticTokenTypes_Keyword
12:21-25 SemanticTokenTypes_Keyword
13:0-6 SemanticTokenTypes_Keyword
13:7-41 SemanticTokenTypes_Function
13:42-44 SemanticTokenTypes_Keyword
13:45-46 SemanticTokenTypes_Keyword
13:47-55 SemanticTokenTypes_Keyword
13:56-60 SemanticTokenTypes_Keyword
13:61-69 SemanticTokenTypes_Type
13:70-72 SemanticTokenTypes_Keyword
13:73-80 SemanticTokenTypes_Type
14:0-6 SemanticTokenTypes_Keyword
14:7-18 SemanticTokenTypes_Function
14:19-21 SemanticTokenTypes_Keyword
14:22-23 SemanticTokenTypes_Keyword
14:24-32 SemanticTokenTypes_Keyword
14:33-37 SemanticTokenTypes_Keyword
14:38-46 SemanticTokenTypes_Type
14:47-49 SemanticTokenTypes_Keyword
14:50-57 SemanticTokenTypes_Type

