Phase: Lexer
1:1-2 SemanticTokenTypes_Operator
1:3-40 SemanticTokenTypes_Variable
3:1-66 SemanticTokenTypes_Comment
4:1-27 SemanticTokenTypes_Comment
5:1-6 SemanticTokenTypes_Keyword
5:7-8 SemanticTokenTypes_Variable
5:9-11 SemanticTokenTypes_Keyword
5:12-13 SemanticTokenTypes_Keyword
5:14-21 SemanticTokenTypes_Variable
6:1-2 SemanticTokenTypes_Variable
6:3-8 SemanticTokenTypes_Variable
6:9-14 SemanticTokenTypes_Keyword
6:15-19 SemanticTokenTypes_Variable
8:1-66 SemanticTokenTypes_Comment
9:1-27 SemanticTokenTypes_Comment
10:1-6 SemanticTokenTypes_Keyword
10:7-8 SemanticTokenTypes_Variable
10:9-11 SemanticTokenTypes_Keyword
10:12-13 SemanticTokenTypes_Keyword
10:14-21 SemanticTokenTypes_Variable
11:1-6 SemanticTokenTypes_Variable
11:7-8 SemanticTokenTypes_Variable
11:9-14 SemanticTokenTypes_Keyword
11:15-19 SemanticTokenTypes_Variable

Phase: Parse
1:1-2 SemanticTokenTypes_Operator
1:3-40 SemanticTokenTypes_Interface
3:1-66 SemanticTokenTypes_Comment
4:1-27 SemanticTokenTypes_Comment
5:1-6 SemanticTokenTypes_Keyword
5:7-8 SemanticTokenTypes_Variable
5:9-11 SemanticTokenTypes_Keyword
5:12-13 SemanticTokenTypes_Keyword
5:14-21 SemanticTokenTypes_Type
6:1-2 SemanticTokenTypes_Variable
6:3-8 SemanticTokenTypes_Variable
6:9-14 SemanticTokenTypes_Keyword
6:15-19 SemanticTokenTypes_Variable
8:1-66 SemanticTokenTypes_Comment
9:1-27 SemanticTokenTypes_Comment
10:1-6 SemanticTokenTypes_Keyword
10:7-8 SemanticTokenTypes_Variable
10:9-11 SemanticTokenTypes_Keyword
10:12-13 SemanticTokenTypes_Keyword
10:14-21 SemanticTokenTypes_Type
11:1-6 SemanticTokenTypes_Variable
11:7-8 SemanticTokenTypes_Variable
11:9-14 SemanticTokenTypes_Keyword
11:15-19 SemanticTokenTypes_Variable

Phase: Check
1:1-2 SemanticTokenTypes_Operator
1:3-40 SemanticTokenTypes_Interface
3:1-66 SemanticTokenTypes_Comment
4:1-27 SemanticTokenTypes_Comment
5:1-6 SemanticTokenTypes_Keyword
5:7-8 SemanticTokenTypes_Variable
5:9-11 SemanticTokenTypes_Keyword
5:12-13 SemanticTokenTypes_Keyword
5:14-21 SemanticTokenTypes_Type
6:3-8 SemanticTokenTypes_Function
6:1-2 SemanticTokenTypes_Variable
6:9-14 SemanticTokenTypes_Keyword
6:15-19 SemanticTokenTypes_Class
8:1-66 SemanticTokenTypes_Comment
9:1-27 SemanticTokenTypes_Comment
10:1-6 SemanticTokenTypes_Keyword
10:7-8 SemanticTokenTypes_Variable
10:9-11 SemanticTokenTypes_Keyword
10:12-13 SemanticTokenTypes_Keyword
10:14-21 SemanticTokenTypes_Type
11:1-6 SemanticTokenTypes_Function
11:7-8 SemanticTokenTypes_Variable
11:9-14 SemanticTokenTypes_Keyword
11:15-19 SemanticTokenTypes_Class

