Phase: Lexer
0:0-1 SemanticTokenTypes_Operator
0:2-24 SemanticTokenTypes_Variable
2:0-7 SemanticTokenTypes_Keyword
2:8-12 SemanticTokenTypes_Variable
2:13-15 SemanticTokenTypes_Keyword
2:16-17 SemanticTokenTypes_Variable
3:2-4 SemanticTokenTypes_Keyword
3:5-8 SemanticTokenTypes_Keyword
3:9-11 SemanticTokenTypes_Keyword
4:4-7 SemanticTokenTypes_Variable
5:4-8 SemanticTokenTypes_Variable
5:9-12 SemanticTokenTypes_Keyword
6:6-10 SemanticTokenTypes_Variable
6:11-13 SemanticTokenTypes_Keyword
6:14-16 SemanticTokenTypes_Keyword
6:17-18 SemanticTokenTypes_Variable
7:6-10 SemanticTokenTypes_Variable
7:11-13 SemanticTokenTypes_Keyword
7:14-15 SemanticTokenTypes_Keyword
7:16-20 SemanticTokenTypes_Variable
7:21-23 SemanticTokenTypes_Keyword
7:24-25 SemanticTokenTypes_Variable
9:0-7 SemanticTokenTypes_Keyword
9:8-12 SemanticTokenTypes_Variable
9:13-14 SemanticTokenTypes_Variable
10:2-4 SemanticTokenTypes_Keyword
10:5-8 SemanticTokenTypes_Keyword
10:9-11 SemanticTokenTypes_Keyword
11:4-8 SemanticTokenTypes_Variable
11:9-12 SemanticTokenTypes_Keyword
11:13-18 SemanticTokenTypes_Variable
11:19-21 SemanticTokenTypes_Keyword
11:22-24 SemanticTokenTypes_Keyword
11:25-26 SemanticTokenTypes_Variable
12:4-8 SemanticTokenTypes_Variable
12:9-12 SemanticTokenTypes_Keyword
12:13-17 SemanticTokenTypes_Variable
12:18-20 SemanticTokenTypes_Keyword
12:21-22 SemanticTokenTypes_Keyword
12:23-27 SemanticTokenTypes_Variable
12:28-29 SemanticTokenTypes_Variable
13:13-18 SemanticTokenTypes_Variable
13:19-21 SemanticTokenTypes_Keyword
13:22-23 SemanticTokenTypes_Keyword
13:24-28 SemanticTokenTypes_Variable
13:29-30 SemanticTokenTypes_Variable
15:0-7 SemanticTokenTypes_Keyword
15:8-14 SemanticTokenTypes_Variable
15:15-17 SemanticTokenTypes_Keyword
15:18-19 SemanticTokenTypes_Variable
15:19-20 SemanticTokenTypes_Operator
15:21-22 SemanticTokenTypes_Variable
16:2-4 SemanticTokenTypes_Keyword
16:5-8 SemanticTokenTypes_Keyword
16:9-11 SemanticTokenTypes_Keyword
17:4-8 SemanticTokenTypes_Variable
17:10-13 SemanticTokenTypes_Keyword
17:14-21 SemanticTokenTypes_Variable
17:22-24 SemanticTokenTypes_Keyword
17:25-27 SemanticTokenTypes_Keyword
17:28-29 SemanticTokenTypes_Variable
18:4-9 SemanticTokenTypes_Variable
18:10-13 SemanticTokenTypes_Keyword
18:14-21 SemanticTokenTypes_Variable
18:22-24 SemanticTokenTypes_Keyword
18:25-26 SemanticTokenTypes_Keyword
18:28-29 SemanticTokenTypes_Variable
20:0-7 SemanticTokenTypes_Keyword
20:8-12 SemanticTokenTypes_Variable
20:13-15 SemanticTokenTypes_Keyword
20:16-17 SemanticTokenTypes_Variable
20:17-18 SemanticTokenTypes_Operator
20:19-20 SemanticTokenTypes_Variable
21:2-5 SemanticTokenTypes_Keyword
21:6-9 SemanticTokenTypes_Variable
21:10-12 SemanticTokenTypes_Keyword
21:13-15 SemanticTokenTypes_Keyword
21:16-17 SemanticTokenTypes_Variable
22:6-9 SemanticTokenTypes_Variable
22:10-12 SemanticTokenTypes_Keyword
22:13-14 SemanticTokenTypes_Keyword
22:16-17 SemanticTokenTypes_Variable
24:0-5 SemanticTokenTypes_Keyword
24:6-7 SemanticTokenTypes_Variable
24:8-10 SemanticTokenTypes_Keyword
24:11-12 SemanticTokenTypes_Keyword
24:13-17 SemanticTokenTypes_Keyword
25:6-7 SemanticTokenTypes_Variable
25:8-10 SemanticTokenTypes_Keyword
25:11-12 SemanticTokenTypes_Keyword
25:13-17 SemanticTokenTypes_Keyword
26:0-7 SemanticTokenTypes_Keyword
26:8-13 SemanticTokenTypes_Variable
27:2-5 SemanticTokenTypes_Keyword
27:6-9 SemanticTokenTypes_Variable
27:10-12 SemanticTokenTypes_Keyword
27:13-15 SemanticTokenTypes_Keyword
27:16-17 SemanticTokenTypes_Variable
28:6-9 SemanticTokenTypes_Variable
28:10-12 SemanticTokenTypes_Keyword
28:13-14 SemanticTokenTypes_Keyword
28:16-17 SemanticTokenTypes_Variable
30:0-5 SemanticTokenTypes_Keyword
30:6-7 SemanticTokenTypes_Variable
30:8-10 SemanticTokenTypes_Keyword
30:11-12 SemanticTokenTypes_Keyword
30:13-17 SemanticTokenTypes_Keyword
31:6-7 SemanticTokenTypes_Variable
31:8-10 SemanticTokenTypes_Keyword
31:11-12 SemanticTokenTypes_Keyword
31:13-17 SemanticTokenTypes_Keyword
32:0-7 SemanticTokenTypes_Keyword
32:8-13 SemanticTokenTypes_Variable
32:14-15 SemanticTokenTypes_Variable
32:16-17 SemanticTokenTypes_Variable
33:2-5 SemanticTokenTypes_Keyword
33:6-9 SemanticTokenTypes_Variable
33:10-12 SemanticTokenTypes_Keyword
33:13-15 SemanticTokenTypes_Keyword
33:16-17 SemanticTokenTypes_Variable
34:6-9 SemanticTokenTypes_Variable
34:10-12 SemanticTokenTypes_Keyword
34:13-14 SemanticTokenTypes_Keyword
34:16-17 SemanticTokenTypes_Variable
36:0-5 SemanticTokenTypes_Keyword
36:6-7 SemanticTokenTypes_Variable
36:8-10 SemanticTokenTypes_Keyword
36:11-12 SemanticTokenTypes_Keyword
36:13-17 SemanticTokenTypes_Keyword
36:17-18 SemanticTokenTypes_Operator
36:19-20 SemanticTokenTypes_Variable
36:21-23 SemanticTokenTypes_Keyword
36:24-25 SemanticTokenTypes_Keyword
36:26-30 SemanticTokenTypes_Keyword
37:0-7 SemanticTokenTypes_Keyword
37:8-13 SemanticTokenTypes_Variable
37:14-15 SemanticTokenTypes_Variable
37:16-17 SemanticTokenTypes_Variable
37:18-21 SemanticTokenTypes_Keyword
37:22-25 SemanticTokenTypes_Variable
37:26-28 SemanticTokenTypes_Keyword
37:29-31 SemanticTokenTypes_Keyword
37:32-33 SemanticTokenTypes_Variable
37:33-34 SemanticTokenTypes_Operator
37:35-38 SemanticTokenTypes_Variable
37:39-41 SemanticTokenTypes_Keyword
37:42-43 SemanticTokenTypes_Keyword
37:45-46 SemanticTokenTypes_Variable
39:0-7 SemanticTokenTypes_Keyword
39:8-12 SemanticTokenTypes_Variable
39:13-15 SemanticTokenTypes_Keyword
39:16-23 SemanticTokenTypes_Variable
41:0-7 SemanticTokenTypes_Keyword
41:8-15 SemanticTokenTypes_Variable
41:16-17 SemanticTokenTypes_Variable
41:18-20 SemanticTokenTypes_Keyword
41:21-25 SemanticTokenTypes_Keyword
41:26-28 SemanticTokenTypes_Keyword
41:29-30 SemanticTokenTypes_Variable
43:0-5 SemanticTokenTypes_Keyword
43:6-7 SemanticTokenTypes_Variable
43:8-10 SemanticTokenTypes_Keyword
43:11-12 SemanticTokenTypes_Keyword
43:13-17 SemanticTokenTypes_Keyword
44:0-7 SemanticTokenTypes_Keyword
44:8-15 SemanticTokenTypes_Variable
44:16-17 SemanticTokenTypes_Variable
44:18-20 SemanticTokenTypes_Keyword
44:21-25 SemanticTokenTypes_Keyword
44:26-28 SemanticTokenTypes_Keyword
44:29-30 SemanticTokenTypes_Variable
46:0-5 SemanticTokenTypes_Keyword
46:6-7 SemanticTokenTypes_Variable
46:8-10 SemanticTokenTypes_Keyword
46:11-12 SemanticTokenTypes_Keyword
46:13-17 SemanticTokenTypes_Keyword
47:0-7 SemanticTokenTypes_Keyword
47:8-15 SemanticTokenTypes_Variable
47:16-18 SemanticTokenTypes_Keyword
47:19-23 SemanticTokenTypes_Keyword
47:24-26 SemanticTokenTypes_Keyword
47:27-28 SemanticTokenTypes_Variable

Phase: Parse
0:0-1 SemanticTokenTypes_Operator
0:2-24 SemanticTokenTypes_Interface
2:0-7 SemanticTokenTypes_Keyword
2:8-12 SemanticTokenTypes_Type
2:13-15 SemanticTokenTypes_Keyword
2:16-17 SemanticTokenTypes_TypeParameter
3:2-4 SemanticTokenTypes_Keyword
3:5-8 SemanticTokenTypes_Keyword
3:9-11 SemanticTokenTypes_Keyword
4:4-7 SemanticTokenTypes_Class
5:4-8 SemanticTokenTypes_Class
5:9-12 SemanticTokenTypes_Keyword
6:6-10 SemanticTokenTypes_Variable
6:11-13 SemanticTokenTypes_Keyword
6:14-16 SemanticTokenTypes_Keyword
6:17-18 SemanticTokenTypes_Type
7:6-10 SemanticTokenTypes_Variable
7:11-13 SemanticTokenTypes_Keyword
7:14-15 SemanticTokenTypes_Keyword
7:16-20 SemanticTokenTypes_Type
7:21-23 SemanticTokenTypes_Keyword
7:24-25 SemanticTokenTypes_Type
9:0-7 SemanticTokenTypes_Keyword
9:8-12 SemanticTokenTypes_Type
9:13-14 SemanticTokenTypes_TypeParameter
10:2-4 SemanticTokenTypes_Keyword
10:5-8 SemanticTokenTypes_Keyword
10:9-11 SemanticTokenTypes_Keyword
11:4-8 SemanticTokenTypes_Class
11:9-12 SemanticTokenTypes_Keyword
11:13-18 SemanticTokenTypes_Variable
11:19-21 SemanticTokenTypes_Keyword
11:22-24 SemanticTokenTypes_Keyword
11:25-26 SemanticTokenTypes_Type
12:4-8 SemanticTokenTypes_Class
12:9-12 SemanticTokenTypes_Keyword
12:13-17 SemanticTokenTypes_Variable
12:18-20 SemanticTokenTypes_Keyword
12:21-22 SemanticTokenTypes_Keyword
12:23-27 SemanticTokenTypes_Type
12:28-29 SemanticTokenTypes_Type
13:13-18 SemanticTokenTypes_Variable
13:19-21 SemanticTokenTypes_Keyword
13:22-23 SemanticTokenTypes_Keyword
13:24-28 SemanticTokenTypes_Type
13:29-30 SemanticTokenTypes_Type
15:0-7 SemanticTokenTypes_Keyword
15:8-14 SemanticTokenTypes_Type
15:15-17 SemanticTokenTypes_Keyword
15:18-19 SemanticTokenTypes_TypeParameter
15:19-20 SemanticTokenTypes_Operator
15:21-22 SemanticTokenTypes_TypeParameter
16:2-4 SemanticTokenTypes_Keyword
16:5-8 SemanticTokenTypes_Keyword
16:9-11 SemanticTokenTypes_Keyword
17:4-8 SemanticTokenTypes_Class
17:10-13 SemanticTokenTypes_Keyword
17:14-21 SemanticTokenTypes_Variable
17:22-24 SemanticTokenTypes_Keyword
17:25-27 SemanticTokenTypes_Keyword
17:28-29 SemanticTokenTypes_Type
18:4-9 SemanticTokenTypes_Class
18:10-13 SemanticTokenTypes_Keyword
18:14-21 SemanticTokenTypes_Variable
18:22-24 SemanticTokenTypes_Keyword
18:25-26 SemanticTokenTypes_Keyword
18:28-29 SemanticTokenTypes_Type
20:0-7 SemanticTokenTypes_Keyword
20:8-12 SemanticTokenTypes_Type
20:13-15 SemanticTokenTypes_Keyword
20:16-17 SemanticTokenTypes_TypeParameter
20:17-18 SemanticTokenTypes_Operator
20:19-20 SemanticTokenTypes_TypeParameter
21:2-5 SemanticTokenTypes_Keyword
21:6-9 SemanticTokenTypes_Variable
21:10-12 SemanticTokenTypes_Keyword
21:13-15 SemanticTokenTypes_Keyword
21:16-17 SemanticTokenTypes_Type
22:6-9 SemanticTokenTypes_Variable
22:10-12 SemanticTokenTypes_Keyword
22:13-14 SemanticTokenTypes_Keyword
22:16-17 SemanticTokenTypes_Type
24:0-5 SemanticTokenTypes_Keyword
24:6-7 SemanticTokenTypes_Type
24:8-10 SemanticTokenTypes_Keyword
24:11-12 SemanticTokenTypes_Keyword
24:13-17 SemanticTokenTypes_Keyword
25:6-7 SemanticTokenTypes_Type
25:8-10 SemanticTokenTypes_Keyword
25:11-12 SemanticTokenTypes_Keyword
25:13-17 SemanticTokenTypes_Keyword
26:0-7 SemanticTokenTypes_Keyword
26:8-13 SemanticTokenTypes_Type
27:2-5 SemanticTokenTypes_Keyword
27:6-9 SemanticTokenTypes_Variable
27:10-12 SemanticTokenTypes_Keyword
27:13-15 SemanticTokenTypes_Keyword
27:16-17 SemanticTokenTypes_Type
28:6-9 SemanticTokenTypes_Variable
28:10-12 SemanticTokenTypes_Keyword
28:13-14 SemanticTokenTypes_Keyword
28:16-17 SemanticTokenTypes_Type
30:0-5 SemanticTokenTypes_Keyword
30:6-7 SemanticTokenTypes_Type
30:8-10 SemanticTokenTypes_Keyword
30:11-12 SemanticTokenTypes_Keyword
30:13-17 SemanticTokenTypes_Keyword
31:6-7 SemanticTokenTypes_Type
31:8-10 SemanticTokenTypes_Keyword
31:11-12 SemanticTokenTypes_Keyword
31:13-17 SemanticTokenTypes_Keyword
32:0-7 SemanticTokenTypes_Keyword
32:8-13 SemanticTokenTypes_Type
32:14-15 SemanticTokenTypes_TypeParameter
32:16-17 SemanticTokenTypes_TypeParameter
33:2-5 SemanticTokenTypes_Keyword
33:6-9 SemanticTokenTypes_Variable
33:10-12 SemanticTokenTypes_Keyword
33:13-15 SemanticTokenTypes_Keyword
33:16-17 SemanticTokenTypes_Type
34:6-9 SemanticTokenTypes_Variable
34:10-12 SemanticTokenTypes_Keyword
34:13-14 SemanticTokenTypes_Keyword
34:16-17 SemanticTokenTypes_Type
36:0-5 SemanticTokenTypes_Keyword
36:6-7 SemanticTokenTypes_Type
36:8-10 SemanticTokenTypes_Keyword
36:11-12 SemanticTokenTypes_Keyword
36:13-17 SemanticTokenTypes_Keyword
36:17-18 SemanticTokenTypes_Operator
36:19-20 SemanticTokenTypes_Type
36:21-23 SemanticTokenTypes_Keyword
36:24-25 SemanticTokenTypes_Keyword
36:26-30 SemanticTokenTypes_Keyword
37:0-7 SemanticTokenTypes_Keyword
37:8-13 SemanticTokenTypes_Type
37:14-15 SemanticTokenTypes_TypeParameter
37:16-17 SemanticTokenTypes_TypeParameter
37:18-21 SemanticTokenTypes_Keyword
37:22-25 SemanticTokenTypes_Variable
37:26-28 SemanticTokenTypes_Keyword
37:29-31 SemanticTokenTypes_Keyword
37:32-33 SemanticTokenTypes_Type
37:33-34 SemanticTokenTypes_Operator
37:35-38 SemanticTokenTypes_Variable
37:39-41 SemanticTokenTypes_Keyword
37:42-43 SemanticTokenTypes_Keyword
37:45-46 SemanticTokenTypes_Type
39:0-7 SemanticTokenTypes_Keyword
39:8-12 SemanticTokenTypes_Type
39:13-15 SemanticTokenTypes_Keyword
39:16-23 SemanticTokenTypes_Type
41:0-7 SemanticTokenTypes_Keyword
41:8-15 SemanticTokenTypes_Type
41:16-17 SemanticTokenTypes_TypeParameter
41:18-20 SemanticTokenTypes_Keyword
41:21-25 SemanticTokenTypes_Type
41:26-28 SemanticTokenTypes_Keyword
41:29-30 SemanticTokenTypes_Type
43:0-5 SemanticTokenTypes_Keyword
43:6-7 SemanticTokenTypes_Type
43:8-10 SemanticTokenTypes_Keyword
43:11-12 SemanticTokenTypes_Keyword
43:13-17 SemanticTokenTypes_Keyword
44:0-7 SemanticTokenTypes_Keyword
44:8-15 SemanticTokenTypes_Type
44:16-17 SemanticTokenTypes_TypeParameter
44:18-20 SemanticTokenTypes_Keyword
44:21-25 SemanticTokenTypes_Type
44:26-28 SemanticTokenTypes_Keyword
44:29-30 SemanticTokenTypes_Type
46:0-5 SemanticTokenTypes_Keyword
46:6-7 SemanticTokenTypes_Type
46:8-10 SemanticTokenTypes_Keyword
46:11-12 SemanticTokenTypes_Keyword
46:13-17 SemanticTokenTypes_Keyword
47:0-7 SemanticTokenTypes_Keyword
47:8-15 SemanticTokenTypes_Type
47:16-18 SemanticTokenTypes_Keyword
47:19-23 SemanticTokenTypes_Type
47:24-26 SemanticTokenTypes_Keyword
47:27-28 SemanticTokenTypes_Type

Phase: Check
0:0-1 SemanticTokenTypes_Operator
0:2-24 SemanticTokenTypes_Interface
2:0-7 SemanticTokenTypes_Keyword
2:8-12 SemanticTokenTypes_Type
2:13-15 SemanticTokenTypes_Keyword
2:16-17 SemanticTokenTypes_Variable
3:2-4 SemanticTokenTypes_Keyword
3:5-8 SemanticTokenTypes_Keyword
3:9-11 SemanticTokenTypes_Keyword
4:4-7 SemanticTokenTypes_Class
5:4-8 SemanticTokenTypes_Class
5:9-12 SemanticTokenTypes_Keyword
6:6-10 SemanticTokenTypes_Method
6:11-13 SemanticTokenTypes_Keyword
6:14-16 SemanticTokenTypes_Keyword
6:17-18 SemanticTokenTypes_Variable
7:6-10 SemanticTokenTypes_Method
7:11-13 SemanticTokenTypes_Keyword
7:14-15 SemanticTokenTypes_Keyword
7:16-20 SemanticTokenTypes_Type
7:21-23 SemanticTokenTypes_Keyword
7:24-25 SemanticTokenTypes_Variable
9:0-7 SemanticTokenTypes_Keyword
9:8-12 SemanticTokenTypes_Type
9:13-14 SemanticTokenTypes_Variable
10:2-4 SemanticTokenTypes_Keyword
10:5-8 SemanticTokenTypes_Keyword
10:9-11 SemanticTokenTypes_Keyword
11:4-8 SemanticTokenTypes_Class
11:9-12 SemanticTokenTypes_Keyword
11:13-18 SemanticTokenTypes_Method
11:19-21 SemanticTokenTypes_Keyword
11:22-24 SemanticTokenTypes_Keyword
11:25-26 SemanticTokenTypes_Variable
12:4-8 SemanticTokenTypes_Class
12:9-12 SemanticTokenTypes_Keyword
12:13-17 SemanticTokenTypes_Method
12:18-20 SemanticTokenTypes_Keyword
12:21-22 SemanticTokenTypes_Keyword
12:23-27 SemanticTokenTypes_Type
12:28-29 SemanticTokenTypes_Variable
13:13-18 SemanticTokenTypes_Method
13:19-21 SemanticTokenTypes_Keyword
13:22-23 SemanticTokenTypes_Keyword
13:24-28 SemanticTokenTypes_Type
13:29-30 SemanticTokenTypes_Variable
15:0-7 SemanticTokenTypes_Keyword
15:8-14 SemanticTokenTypes_Type
15:15-17 SemanticTokenTypes_Keyword
15:18-19 SemanticTokenTypes_Variable
15:19-20 SemanticTokenTypes_Operator
15:21-22 SemanticTokenTypes_Variable
16:2-4 SemanticTokenTypes_Keyword
16:5-8 SemanticTokenTypes_Keyword
16:9-11 SemanticTokenTypes_Keyword
17:4-8 SemanticTokenTypes_Class
17:10-13 SemanticTokenTypes_Keyword
17:14-21 SemanticTokenTypes_Method
17:22-24 SemanticTokenTypes_Keyword
17:25-27 SemanticTokenTypes_Keyword
17:28-29 SemanticTokenTypes_Variable
18:4-9 SemanticTokenTypes_Class
18:10-13 SemanticTokenTypes_Keyword
18:14-21 SemanticTokenTypes_Method
18:22-24 SemanticTokenTypes_Keyword
18:25-26 SemanticTokenTypes_Keyword
18:28-29 SemanticTokenTypes_Variable
20:0-7 SemanticTokenTypes_Keyword
20:8-12 SemanticTokenTypes_Type
20:13-15 SemanticTokenTypes_Keyword
20:16-17 SemanticTokenTypes_Variable
20:17-18 SemanticTokenTypes_Operator
20:19-20 SemanticTokenTypes_Variable
21:2-5 SemanticTokenTypes_Keyword
21:6-9 SemanticTokenTypes_Method
21:10-12 SemanticTokenTypes_Keyword
21:13-15 SemanticTokenTypes_Keyword
21:16-17 SemanticTokenTypes_Variable
22:6-9 SemanticTokenTypes_Method
22:10-12 SemanticTokenTypes_Keyword
22:13-14 SemanticTokenTypes_Keyword
22:16-17 SemanticTokenTypes_Variable
24:0-5 SemanticTokenTypes_Keyword
24:6-7 SemanticTokenTypes_Variable
24:8-10 SemanticTokenTypes_Keyword
24:11-12 SemanticTokenTypes_Keyword
24:13-17 SemanticTokenTypes_Keyword
25:6-7 SemanticTokenTypes_Variable
25:8-10 SemanticTokenTypes_Keyword
25:11-12 SemanticTokenTypes_Keyword
25:13-17 SemanticTokenTypes_Keyword
26:0-7 SemanticTokenTypes_Keyword
26:8-13 SemanticTokenTypes_Type
27:2-5 SemanticTokenTypes_Keyword
27:6-9 SemanticTokenTypes_Method
27:10-12 SemanticTokenTypes_Keyword
27:13-15 SemanticTokenTypes_Keyword
27:16-17 SemanticTokenTypes_Variable
28:6-9 SemanticTokenTypes_Method
28:10-12 SemanticTokenTypes_Keyword
28:13-14 SemanticTokenTypes_Keyword
28:16-17 SemanticTokenTypes_Variable
30:0-5 SemanticTokenTypes_Keyword
30:6-7 SemanticTokenTypes_Variable
30:8-10 SemanticTokenTypes_Keyword
30:11-12 SemanticTokenTypes_Keyword
30:13-17 SemanticTokenTypes_Keyword
31:6-7 SemanticTokenTypes_Variable
31:8-10 SemanticTokenTypes_Keyword
31:11-12 SemanticTokenTypes_Keyword
31:13-17 SemanticTokenTypes_Keyword
32:0-7 SemanticTokenTypes_Keyword
32:8-13 SemanticTokenTypes_Type
32:14-15 SemanticTokenTypes_Variable
32:16-17 SemanticTokenTypes_Variable
33:2-5 SemanticTokenTypes_Keyword
33:6-9 SemanticTokenTypes_Method
33:10-12 SemanticTokenTypes_Keyword
33:13-15 SemanticTokenTypes_Keyword
33:16-17 SemanticTokenTypes_Variable
34:6-9 SemanticTokenTypes_Method
34:10-12 SemanticTokenTypes_Keyword
34:13-14 SemanticTokenTypes_Keyword
34:16-17 SemanticTokenTypes_Variable
36:0-5 SemanticTokenTypes_Keyword
36:6-7 SemanticTokenTypes_Variable
36:8-10 SemanticTokenTypes_Keyword
36:11-12 SemanticTokenTypes_Keyword
36:13-17 SemanticTokenTypes_Keyword
36:17-18 SemanticTokenTypes_Operator
36:19-20 SemanticTokenTypes_Variable
36:21-23 SemanticTokenTypes_Keyword
36:24-25 SemanticTokenTypes_Keyword
36:26-30 SemanticTokenTypes_Keyword
37:0-7 SemanticTokenTypes_Keyword
37:8-13 SemanticTokenTypes_Type
37:14-15 SemanticTokenTypes_Variable
37:16-17 SemanticTokenTypes_Variable
37:18-21 SemanticTokenTypes_Keyword
37:22-25 SemanticTokenTypes_Method
37:26-28 SemanticTokenTypes_Keyword
37:29-31 SemanticTokenTypes_Keyword
37:32-33 SemanticTokenTypes_Variable
37:33-34 SemanticTokenTypes_Operator
37:35-38 SemanticTokenTypes_Method
37:39-41 SemanticTokenTypes_Keyword
37:42-43 SemanticTokenTypes_Keyword
37:45-46 SemanticTokenTypes_Variable
39:0-7 SemanticTokenTypes_Keyword
39:8-12 SemanticTokenTypes_Type
39:13-15 SemanticTokenTypes_Keyword
39:16-23 SemanticTokenTypes_Type
41:0-7 SemanticTokenTypes_Keyword
41:8-15 SemanticTokenTypes_Type
41:16-17 SemanticTokenTypes_Variable
41:18-20 SemanticTokenTypes_Keyword
41:21-25 SemanticTokenTypes_Type
41:26-28 SemanticTokenTypes_Keyword
41:29-30 SemanticTokenTypes_Variable
43:0-5 SemanticTokenTypes_Keyword
43:6-7 SemanticTokenTypes_Variable
43:8-10 SemanticTokenTypes_Keyword
43:11-12 SemanticTokenTypes_Keyword
43:13-17 SemanticTokenTypes_Keyword
44:0-7 SemanticTokenTypes_Keyword
44:8-15 SemanticTokenTypes_Type
44:16-17 SemanticTokenTypes_Variable
44:18-20 SemanticTokenTypes_Keyword
44:21-25 SemanticTokenTypes_Type
44:26-28 SemanticTokenTypes_Keyword
44:29-30 SemanticTokenTypes_Variable
46:0-5 SemanticTokenTypes_Keyword
46:6-7 SemanticTokenTypes_Variable
46:8-10 SemanticTokenTypes_Keyword
46:11-12 SemanticTokenTypes_Keyword
46:13-17 SemanticTokenTypes_Keyword
47:0-7 SemanticTokenTypes_Keyword
47:8-15 SemanticTokenTypes_Type
47:16-18 SemanticTokenTypes_Keyword
47:19-23 SemanticTokenTypes_Type
47:24-26 SemanticTokenTypes_Keyword
47:27-28 SemanticTokenTypes_Variable

