Phase: Lexer
0:0-1 SemanticTokenTypes_Operator
0:2-22 SemanticTokenTypes_Variable
3:0-6 SemanticTokenTypes_Keyword
3:7-8 SemanticTokenTypes_Variable
3:9-11 SemanticTokenTypes_Keyword
3:12-13 SemanticTokenTypes_Keyword
3:14-21 SemanticTokenTypes_Variable
4:0-1 SemanticTokenTypes_Keyword
4:7-8 SemanticTokenTypes_Variable
4:9-10 SemanticTokenTypes_Keyword
4:12-13 SemanticTokenTypes_Keyword
4:14-15 SemanticTokenTypes_Variable
5:0-1 SemanticTokenTypes_Keyword
5:7-8 SemanticTokenTypes_Variable
5:9-10 SemanticTokenTypes_Keyword
5:12-13 SemanticTokenTypes_Keyword
5:14-20 SemanticTokenTypes_Variable
7:0-54 SemanticTokenTypes_Comment
9:0-1 SemanticTokenTypes_Keyword
9:7-8 SemanticTokenTypes_Variable
9:9-10 SemanticTokenTypes_Keyword
9:12-13 SemanticTokenTypes_Keyword
9:14-15 SemanticTokenTypes_Variable
11:0-4 SemanticTokenTypes_Variable
11:5-10 SemanticTokenTypes_Keyword
12:2-4 SemanticTokenTypes_Keyword
12:5-6 SemanticTokenTypes_Variable
12:7-9 SemanticTokenTypes_Keyword
12:10-15 SemanticTokenTypes_Keyword
12:16-17 SemanticTokenTypes_Variable
13:2-6 SemanticTokenTypes_Keyword
13:10-11 SemanticTokenTypes_Variable
14:7-9 SemanticTokenTypes_Keyword
14:10-11 SemanticTokenTypes_Variable
15:7-8 SemanticTokenTypes_Keyword
15:10-11 SemanticTokenTypes_Variable
16:2-6 SemanticTokenTypes_Keyword
16:7-11 SemanticTokenTypes_Variable

Phase: Parse
0:0-1 SemanticTokenTypes_Operator
0:2-22 SemanticTokenTypes_Interface
3:0-6 SemanticTokenTypes_Keyword
3:7-8 SemanticTokenTypes_Variable
3:9-11 SemanticTokenTypes_Keyword
3:12-13 SemanticTokenTypes_Keyword
3:14-21 SemanticTokenTypes_Type
4:0-1 SemanticTokenTypes_Keyword
4:7-8 SemanticTokenTypes_Variable
4:9-10 SemanticTokenTypes_Keyword
4:12-13 SemanticTokenTypes_Keyword
4:14-15 SemanticTokenTypes_Type
5:0-1 SemanticTokenTypes_Keyword
5:7-8 SemanticTokenTypes_Variable
5:9-10 SemanticTokenTypes_Keyword
5:12-13 SemanticTokenTypes_Keyword
5:14-20 SemanticTokenTypes_Type
7:0-54 SemanticTokenTypes_Comment
9:0-1 SemanticTokenTypes_Keyword
9:7-8 SemanticTokenTypes_Variable
9:9-10 SemanticTokenTypes_Keyword
9:12-13 SemanticTokenTypes_Keyword
9:14-15 SemanticTokenTypes_Type
11:0-4 SemanticTokenTypes_Variable
11:5-10 SemanticTokenTypes_Keyword
12:2-4 SemanticTokenTypes_Keyword
12:5-6 SemanticTokenTypes_Variable
12:7-9 SemanticTokenTypes_Keyword
12:10-15 SemanticTokenTypes_Keyword
12:16-17 SemanticTokenTypes_Variable
13:2-6 SemanticTokenTypes_Keyword
13:10-11 SemanticTokenTypes_Variable
14:7-9 SemanticTokenTypes_Keyword
14:10-11 SemanticTokenTypes_Variable
15:7-8 SemanticTokenTypes_Keyword
15:10-11 SemanticTokenTypes_Variable
16:2-6 SemanticTokenTypes_Keyword
16:7-11 SemanticTokenTypes_Variable

Phase: Check
0:0-1 SemanticTokenTypes_Operator
0:2-22 SemanticTokenTypes_Interface
3:0-6 SemanticTokenTypes_Keyword
3:7-8 SemanticTokenTypes_Type
3:9-11 SemanticTokenTypes_Keyword
3:12-13 SemanticTokenTypes_Keyword
3:14-21 SemanticTokenTypes_Type
4:0-1 SemanticTokenTypes_Keyword
4:7-8 SemanticTokenTypes_Type
4:9-10 SemanticTokenTypes_Keyword
4:12-13 SemanticTokenTypes_Keyword
4:14-15 SemanticTokenTypes_Type
5:0-1 SemanticTokenTypes_Keyword
5:7-8 SemanticTokenTypes_Type
5:9-10 SemanticTokenTypes_Keyword
5:12-13 SemanticTokenTypes_Keyword
5:14-20 SemanticTokenTypes_Type
7:0-54 SemanticTokenTypes_Comment
9:0-1 SemanticTokenTypes_Keyword
9:7-8 SemanticTokenTypes_Type
9:9-10 SemanticTokenTypes_Keyword
9:12-13 SemanticTokenTypes_Keyword
9:14-15 SemanticTokenTypes_Type
11:0-4 SemanticTokenTypes_Type
11:5-10 SemanticTokenTypes_Keyword
12:2-4 SemanticTokenTypes_Keyword
12:5-6 SemanticTokenTypes_Type
12:7-9 SemanticTokenTypes_Keyword
12:10-15 SemanticTokenTypes_Keyword
12:16-17 SemanticTokenTypes_Type
13:2-6 SemanticTokenTypes_Keyword
13:10-11 SemanticTokenTypes_Type
14:7-9 SemanticTokenTypes_Keyword
14:10-11 SemanticTokenTypes_Type
15:7-8 SemanticTokenTypes_Keyword
15:10-11 SemanticTokenTypes_Type
16:2-6 SemanticTokenTypes_Keyword
16:7-11 SemanticTokenTypes_Class

