Phase: Lexer
1:1-2 SemanticTokenTypes_Operator
1:3-16 SemanticTokenTypes_Variable
3:1-6 SemanticTokenTypes_Keyword
3:7-8 SemanticTokenTypes_Variable
3:9-11 SemanticTokenTypes_Keyword
3:12-13 SemanticTokenTypes_Keyword
3:14-20 SemanticTokenTypes_Variable
4:1-7 SemanticTokenTypes_Keyword
4:8-9 SemanticTokenTypes_Keyword
4:10-16 SemanticTokenTypes_Variable
5:1-7 SemanticTokenTypes_Keyword
5:8-16 SemanticTokenTypes_Variable
5:17-18 SemanticTokenTypes_Variable
5:19-21 SemanticTokenTypes_Keyword
6:3-5 SemanticTokenTypes_Keyword
6:6-7 SemanticTokenTypes_Variable
6:8-14 SemanticTokenTypes_Keyword
6:15-16 SemanticTokenTypes_Number
7:5-9 SemanticTokenTypes_Keyword
7:10-11 SemanticTokenTypes_Number
8:5-9 SemanticTokenTypes_Keyword
8:10-12 SemanticTokenTypes_Keyword
8:13-14 SemanticTokenTypes_Variable
8:15-21 SemanticTokenTypes_Keyword
8:22-23 SemanticTokenTypes_Number
9:7-11 SemanticTokenTypes_Keyword
9:12-13 SemanticTokenTypes_Number
10:7-11 SemanticTokenTypes_Keyword
10:17-25 SemanticTokenTypes_Variable
10:26-28 SemanticTokenTypes_Keyword
11:25-26 SemanticTokenTypes_Variable
12:19-24 SemanticTokenTypes_Keyword
12:25-26 SemanticTokenTypes_Number
13:12-16 SemanticTokenTypes_Keyword
13:17-25 SemanticTokenTypes_Variable
13:26-28 SemanticTokenTypes_Keyword
14:25-26 SemanticTokenTypes_Variable
15:19-24 SemanticTokenTypes_Keyword
15:25-26 SemanticTokenTypes_Number
17:1-8 SemanticTokenTypes_Keyword
17:9-19 SemanticTokenTypes_Variable
18:3-5 SemanticTokenTypes_Keyword
18:6-9 SemanticTokenTypes_Keyword
18:10-12 SemanticTokenTypes_Keyword
19:5-17 SemanticTokenTypes_Variable
19:18-21 SemanticTokenTypes_Keyword
20:7-11 SemanticTokenTypes_Variable
20:12-14 SemanticTokenTypes_Keyword
20:15-16 SemanticTokenTypes_Keyword
20:17-23 SemanticTokenTypes_Variable
21:7-11 SemanticTokenTypes_Variable
21:12-14 SemanticTokenTypes_Keyword
21:15-16 SemanticTokenTypes_Keyword
21:17-23 SemanticTokenTypes_Variable
23:1-6 SemanticTokenTypes_Keyword
23:7-9 SemanticTokenTypes_Variable
23:10-12 SemanticTokenTypes_Keyword
23:13-23 SemanticTokenTypes_Variable
24:1-7 SemanticTokenTypes_Keyword
24:8-9 SemanticTokenTypes_Keyword
24:10-16 SemanticTokenTypes_Variable
25:1-5 SemanticTokenTypes_Variable
25:6-8 SemanticTokenTypes_Variable
25:9-14 SemanticTokenTypes_Keyword
26:3-11 SemanticTokenTypes_Keyword
26:12-14 SemanticTokenTypes_Variable
27:3-7 SemanticTokenTypes_Keyword
27:8-20 SemanticTokenTypes_Variable
27:21-23 SemanticTokenTypes_Keyword
27:24-25 SemanticTokenTypes_Variable
27:25-26 SemanticTokenTypes_Operator
27:27-28 SemanticTokenTypes_Variable
27:29-33 SemanticTokenTypes_Keyword
27:34-35 SemanticTokenTypes_Variable
27:36-37 SemanticTokenTypes_Operator
27:38-39 SemanticTokenTypes_Variable
27:40-41 SemanticTokenTypes_Operator
27:42-43 SemanticTokenTypes_Number
29:1-7 SemanticTokenTypes_Keyword
29:8-15 SemanticTokenTypes_Variable
29:16-18 SemanticTokenTypes_Keyword
30:3-8 SemanticTokenTypes_Keyword
30:9-10 SemanticTokenTypes_Variable
30:10-11 SemanticTokenTypes_Operator
30:12-13 SemanticTokenTypes_Variable
30:14-19 SemanticTokenTypes_Keyword
30:20-21 SemanticTokenTypes_Variable

Phase: Parse
1:1-2 SemanticTokenTypes_Operator
1:3-16 SemanticTokenTypes_Interface
3:1-6 SemanticTokenTypes_Keyword
3:7-8 SemanticTokenTypes_Variable
3:9-11 SemanticTokenTypes_Keyword
3:12-13 SemanticTokenTypes_Keyword
3:14-20 SemanticTokenTypes_Type
4:1-7 SemanticTokenTypes_Keyword
4:8-9 SemanticTokenTypes_Keyword
4:10-16 SemanticTokenTypes_Type
5:1-7 SemanticTokenTypes_Keyword
5:8-16 SemanticTokenTypes_Variable
5:17-18 SemanticTokenTypes_Variable
5:19-21 SemanticTokenTypes_Keyword
6:3-5 SemanticTokenTypes_Keyword
6:6-7 SemanticTokenTypes_Variable
6:8-14 SemanticTokenTypes_Keyword
6:15-16 SemanticTokenTypes_Number
7:5-9 SemanticTokenTypes_Keyword
7:10-11 SemanticTokenTypes_Number
8:5-9 SemanticTokenTypes_Keyword
8:10-12 SemanticTokenTypes_Keyword
8:13-14 SemanticTokenTypes_Variable
8:15-21 SemanticTokenTypes_Keyword
8:22-23 SemanticTokenTypes_Number
9:7-11 SemanticTokenTypes_Keyword
9:12-13 SemanticTokenTypes_Number
10:7-11 SemanticTokenTypes_Keyword
10:17-25 SemanticTokenTypes_Variable
10:26-28 SemanticTokenTypes_Keyword
11:25-26 SemanticTokenTypes_Variable
12:19-24 SemanticTokenTypes_Keyword
12:25-26 SemanticTokenTypes_Number
13:12-16 SemanticTokenTypes_Keyword
13:17-25 SemanticTokenTypes_Variable
13:26-28 SemanticTokenTypes_Keyword
14:25-26 SemanticTokenTypes_Variable
15:19-24 SemanticTokenTypes_Keyword
15:25-26 SemanticTokenTypes_Number
17:1-8 SemanticTokenTypes_Keyword
17:9-19 SemanticTokenTypes_Type
18:3-5 SemanticTokenTypes_Keyword
18:6-9 SemanticTokenTypes_Keyword
18:10-12 SemanticTokenTypes_Keyword
19:5-17 SemanticTokenTypes_Class
19:18-21 SemanticTokenTypes_Keyword
20:7-11 SemanticTokenTypes_Variable
20:12-14 SemanticTokenTypes_Keyword
20:15-16 SemanticTokenTypes_Keyword
20:17-23 SemanticTokenTypes_Type
21:7-11 SemanticTokenTypes_Variable
21:12-14 SemanticTokenTypes_Keyword
21:15-16 SemanticTokenTypes_Keyword
21:17-23 SemanticTokenTypes_Type
23:1-6 SemanticTokenTypes_Keyword
23:7-9 SemanticTokenTypes_Variable
23:10-12 SemanticTokenTypes_Keyword
23:13-23 SemanticTokenTypes_Type
24:1-7 SemanticTokenTypes_Keyword
24:8-9 SemanticTokenTypes_Keyword
24:10-16 SemanticTokenTypes_Type
25:1-5 SemanticTokenTypes_Variable
25:6-8 SemanticTokenTypes_Variable
25:9-14 SemanticTokenTypes_Keyword
26:3-11 SemanticTokenTypes_Keyword
26:12-14 SemanticTokenTypes_Variable
27:3-7 SemanticTokenTypes_Keyword
27:8-20 SemanticTokenTypes_Variable
27:21-23 SemanticTokenTypes_Keyword
27:24-25 SemanticTokenTypes_Variable
27:25-26 SemanticTokenTypes_Operator
27:27-28 SemanticTokenTypes_Variable
27:29-33 SemanticTokenTypes_Keyword
27:34-35 SemanticTokenTypes_Variable
27:36-37 SemanticTokenTypes_Operator
27:38-39 SemanticTokenTypes_Variable
27:40-41 SemanticTokenTypes_Operator
27:42-43 SemanticTokenTypes_Number
29:1-7 SemanticTokenTypes_Keyword
29:8-15 SemanticTokenTypes_Variable
29:16-18 SemanticTokenTypes_Keyword
30:3-8 SemanticTokenTypes_Keyword
30:9-10 SemanticTokenTypes_Variable
30:10-11 SemanticTokenTypes_Operator
30:12-13 SemanticTokenTypes_Variable
30:14-19 SemanticTokenTypes_Keyword
30:20-21 SemanticTokenTypes_Variable

Phase: Check
1:1-2 SemanticTokenTypes_Operator
1:3-16 SemanticTokenTypes_Interface
3:1-6 SemanticTokenTypes_Keyword
3:7-8 SemanticTokenTypes_Variable
3:9-11 SemanticTokenTypes_Keyword
3:12-13 SemanticTokenTypes_Keyword
3:14-20 SemanticTokenTypes_Type
4:1-7 SemanticTokenTypes_Keyword
4:8-9 SemanticTokenTypes_Keyword
4:10-16 SemanticTokenTypes_Type
5:1-7 SemanticTokenTypes_Keyword
5:8-16 SemanticTokenTypes_Function
5:17-18 SemanticTokenTypes_Variable
5:19-21 SemanticTokenTypes_Keyword
6:3-5 SemanticTokenTypes_Keyword
6:6-7 SemanticTokenTypes_Variable
6:8-14 SemanticTokenTypes_Keyword
6:15-16 SemanticTokenTypes_Number
7:5-9 SemanticTokenTypes_Keyword
7:10-11 SemanticTokenTypes_Number
8:5-9 SemanticTokenTypes_Keyword
8:10-12 SemanticTokenTypes_Keyword
8:13-14 SemanticTokenTypes_Variable
8:15-21 SemanticTokenTypes_Keyword
8:22-23 SemanticTokenTypes_Number
9:7-11 SemanticTokenTypes_Keyword
9:12-13 SemanticTokenTypes_Number
10:7-11 SemanticTokenTypes_Keyword
10:17-25 SemanticTokenTypes_Function
10:26-28 SemanticTokenTypes_Keyword
11:25-26 SemanticTokenTypes_Variable
12:19-24 SemanticTokenTypes_Keyword
12:25-26 SemanticTokenTypes_Number
13:12-16 SemanticTokenTypes_Keyword
13:17-25 SemanticTokenTypes_Function
13:26-28 SemanticTokenTypes_Keyword
14:25-26 SemanticTokenTypes_Variable
15:19-24 SemanticTokenTypes_Keyword
15:25-26 SemanticTokenTypes_Number
17:1-8 SemanticTokenTypes_Keyword
17:9-19 SemanticTokenTypes_Type
18:3-5 SemanticTokenTypes_Keyword
18:6-9 SemanticTokenTypes_Keyword
18:10-12 SemanticTokenTypes_Keyword
19:5-17 SemanticTokenTypes_Class
19:18-21 SemanticTokenTypes_Keyword
20:7-11 SemanticTokenTypes_Method
20:12-14 SemanticTokenTypes_Keyword
20:15-16 SemanticTokenTypes_Keyword
20:17-23 SemanticTokenTypes_Type
21:7-11 SemanticTokenTypes_Method
21:12-14 SemanticTokenTypes_Keyword
21:15-16 SemanticTokenTypes_Keyword
21:17-23 SemanticTokenTypes_Type
23:1-6 SemanticTokenTypes_Keyword
23:7-9 SemanticTokenTypes_Variable
23:10-12 SemanticTokenTypes_Keyword
23:13-23 SemanticTokenTypes_Type
24:1-7 SemanticTokenTypes_Keyword
24:8-9 SemanticTokenTypes_Keyword
24:10-16 SemanticTokenTypes_Type
25:1-5 SemanticTokenTypes_Function
25:6-8 SemanticTokenTypes_Variable
25:9-14 SemanticTokenTypes_Keyword
26:3-11 SemanticTokenTypes_Keyword
26:12-14 SemanticTokenTypes_Variable
27:3-7 SemanticTokenTypes_Keyword
27:8-20 SemanticTokenTypes_Class
27:21-23 SemanticTokenTypes_Keyword
27:24-25 SemanticTokenTypes_Variable
27:27-28 SemanticTokenTypes_Variable
27:29-33 SemanticTokenTypes_Keyword
27:34-35 SemanticTokenTypes_Variable
27:36-37 SemanticTokenTypes_Operator
27:38-39 SemanticTokenTypes_Variable
27:40-41 SemanticTokenTypes_Operator
27:42-43 SemanticTokenTypes_Number
29:1-7 SemanticTokenTypes_Keyword
29:8-15 SemanticTokenTypes_Variable
29:16-18 SemanticTokenTypes_Keyword
30:3-8 SemanticTokenTypes_Keyword
30:9-10 SemanticTokenTypes_Variable
30:10-11 SemanticTokenTypes_Operator
30:12-13 SemanticTokenTypes_Variable
30:14-19 SemanticTokenTypes_Keyword
30:20-21 SemanticTokenTypes_Variable

