Phase: Lexer
1:1-2 SemanticTokenTypes_Operator
1:3-13 SemanticTokenTypes_Variable
3:1-2 SemanticTokenTypes_Operator
3:3-4 SemanticTokenTypes_Variable
4:1-7 SemanticTokenTypes_Keyword
4:8-10 SemanticTokenTypes_Variable
4:11-13 SemanticTokenTypes_Keyword
4:14-15 SemanticTokenTypes_Keyword
4:16-23 SemanticTokenTypes_Variable
5:1-2 SemanticTokenTypes_Operator
5:2-3 SemanticTokenTypes_Operator
5:4-6 SemanticTokenTypes_Variable
6:1-7 SemanticTokenTypes_Keyword
6:8-10 SemanticTokenTypes_Variable
6:11-13 SemanticTokenTypes_Keyword
6:14-15 SemanticTokenTypes_Keyword
6:16-23 SemanticTokenTypes_Variable
7:1-2 SemanticTokenTypes_Operator
7:2-3 SemanticTokenTypes_Operator
7:3-4 SemanticTokenTypes_Operator
7:5-8 SemanticTokenTypes_Variable
8:1-7 SemanticTokenTypes_Keyword
8:8-10 SemanticTokenTypes_Variable
8:11-13 SemanticTokenTypes_Keyword
8:14-15 SemanticTokenTypes_Keyword
8:16-23 SemanticTokenTypes_Variable
9:1-7 SemanticTokenTypes_Macro
9:8-9 SemanticTokenTypes_Variable
9:9-10 SemanticTokenTypes_Operator
9:10-12 SemanticTokenTypes_Variable
9:12-13 SemanticTokenTypes_Operator
9:13-15 SemanticTokenTypes_Variable
10:1-7 SemanticTokenTypes_Macro
10:8-9 SemanticTokenTypes_Variable
10:9-10 SemanticTokenTypes_Operator
10:10-12 SemanticTokenTypes_Variable
10:12-13 SemanticTokenTypes_Operator
10:13-15 SemanticTokenTypes_Variable
11:1-7 SemanticTokenTypes_Macro
11:8-10 SemanticTokenTypes_Variable
12:1-7 SemanticTokenTypes_Macro
12:8-9 SemanticTokenTypes_Variable
12:9-10 SemanticTokenTypes_Operator
12:10-12 SemanticTokenTypes_Variable
12:12-13 SemanticTokenTypes_Operator
12:13-16 SemanticTokenTypes_Variable
12:16-17 SemanticTokenTypes_Operator
12:17-19 SemanticTokenTypes_Variable
14:1-2 SemanticTokenTypes_Operator
14:2-3 SemanticTokenTypes_Operator
14:4-6 SemanticTokenTypes_Variable
14:7-10 SemanticTokenTypes_Keyword
14:11-14 SemanticTokenTypes_Variable
14:14-15 SemanticTokenTypes_Operator
14:16-19 SemanticTokenTypes_Variable
15:1-7 SemanticTokenTypes_Keyword
15:8-10 SemanticTokenTypes_Variable
15:11-13 SemanticTokenTypes_Keyword
15:14-15 SemanticTokenTypes_Keyword
15:16-23 SemanticTokenTypes_Variable
16:1-2 SemanticTokenTypes_Operator
16:2-3 SemanticTokenTypes_Operator
16:4-6 SemanticTokenTypes_Variable
16:7-10 SemanticTokenTypes_Keyword
16:11-14 SemanticTokenTypes_Variable
17:1-7 SemanticTokenTypes_Keyword
17:8-10 SemanticTokenTypes_Variable
17:11-13 SemanticTokenTypes_Keyword
17:14-15 SemanticTokenTypes_Keyword
17:16-22 SemanticTokenTypes_Variable
18:1-2 SemanticTokenTypes_Operator
18:3-4 SemanticTokenTypes_Variable
19:1-7 SemanticTokenTypes_Keyword
19:8-10 SemanticTokenTypes_Variable
19:11-13 SemanticTokenTypes_Keyword
19:14-15 SemanticTokenTypes_Keyword
19:16-23 SemanticTokenTypes_Variable
20:1-2 SemanticTokenTypes_Operator
20:2-3 SemanticTokenTypes_Operator
20:4-6 SemanticTokenTypes_Variable
21:1-7 SemanticTokenTypes_Keyword
21:8-10 SemanticTokenTypes_Variable
21:11-13 SemanticTokenTypes_Keyword
21:14-15 SemanticTokenTypes_Keyword
21:16-23 SemanticTokenTypes_Variable
22:1-2 SemanticTokenTypes_Operator
22:3-4 SemanticTokenTypes_Variable
24:1-7 SemanticTokenTypes_Macro
24:8-9 SemanticTokenTypes_Variable
24:9-10 SemanticTokenTypes_Operator
24:10-12 SemanticTokenTypes_Variable
25:1-7 SemanticTokenTypes_Macro
25:8-9 SemanticTokenTypes_Variable
25:9-10 SemanticTokenTypes_Operator
25:10-12 SemanticTokenTypes_Variable
25:12-13 SemanticTokenTypes_Operator
25:13-15 SemanticTokenTypes_Variable
26:1-7 SemanticTokenTypes_Macro
26:8-9 SemanticTokenTypes_Variable
26:9-10 SemanticTokenTypes_Operator
26:10-12 SemanticTokenTypes_Variable
26:12-13 SemanticTokenTypes_Operator
26:13-15 SemanticTokenTypes_Variable
27:1-7 SemanticTokenTypes_Macro
27:8-9 SemanticTokenTypes_Variable
27:9-10 SemanticTokenTypes_Operator
27:10-12 SemanticTokenTypes_Variable
28:1-7 SemanticTokenTypes_Macro
28:8-9 SemanticTokenTypes_Variable
28:9-10 SemanticTokenTypes_Operator
28:10-12 SemanticTokenTypes_Variable
28:12-13 SemanticTokenTypes_Operator
28:13-15 SemanticTokenTypes_Variable
29:1-7 SemanticTokenTypes_Macro
29:8-9 SemanticTokenTypes_Variable
29:9-10 SemanticTokenTypes_Operator
29:10-12 SemanticTokenTypes_Variable
29:12-13 SemanticTokenTypes_Operator
29:13-16 SemanticTokenTypes_Variable
29:16-17 SemanticTokenTypes_Operator
29:17-19 SemanticTokenTypes_Variable
30:1-7 SemanticTokenTypes_Macro
30:8-9 SemanticTokenTypes_Variable
30:9-10 SemanticTokenTypes_Operator
30:10-12 SemanticTokenTypes_Variable
30:12-13 SemanticTokenTypes_Operator
30:13-15 SemanticTokenTypes_Variable
31:1-7 SemanticTokenTypes_Macro
31:8-9 SemanticTokenTypes_Variable
31:9-10 SemanticTokenTypes_Operator
31:10-13 SemanticTokenTypes_Variable
31:13-14 SemanticTokenTypes_Operator
31:14-16 SemanticTokenTypes_Variable
32:1-7 SemanticTokenTypes_Macro
32:8-9 SemanticTokenTypes_Variable
32:9-10 SemanticTokenTypes_Operator
32:10-13 SemanticTokenTypes_Variable
32:13-14 SemanticTokenTypes_Operator
32:14-16 SemanticTokenTypes_Variable
33:1-7 SemanticTokenTypes_Macro
33:8-9 SemanticTokenTypes_Variable
33:9-10 SemanticTokenTypes_Operator
33:10-13 SemanticTokenTypes_Variable
33:13-14 SemanticTokenTypes_Operator
33:14-16 SemanticTokenTypes_Variable

Phase: Parse
1:1-2 SemanticTokenTypes_Operator
1:3-13 SemanticTokenTypes_Interface
3:1-2 SemanticTokenTypes_Operator
3:3-4 SemanticTokenTypes_Interface
4:1-7 SemanticTokenTypes_Keyword
4:8-10 SemanticTokenTypes_Variable
4:11-13 SemanticTokenTypes_Keyword
4:14-15 SemanticTokenTypes_Keyword
4:16-23 SemanticTokenTypes_Type
5:1-2 SemanticTokenTypes_Operator
5:2-3 SemanticTokenTypes_Operator
5:4-6 SemanticTokenTypes_Interface
6:1-7 SemanticTokenTypes_Keyword
6:8-10 SemanticTokenTypes_Variable
6:11-13 SemanticTokenTypes_Keyword
6:14-15 SemanticTokenTypes_Keyword
6:16-23 SemanticTokenTypes_Type
7:1-2 SemanticTokenTypes_Operator
7:2-3 SemanticTokenTypes_Operator
7:3-4 SemanticTokenTypes_Operator
7:5-8 SemanticTokenTypes_Interface
8:1-7 SemanticTokenTypes_Keyword
8:8-10 SemanticTokenTypes_Variable
8:11-13 SemanticTokenTypes_Keyword
8:14-15 SemanticTokenTypes_Keyword
8:16-23 SemanticTokenTypes_Type
9:1-7 SemanticTokenTypes_Macro
9:8-9 SemanticTokenTypes_Variable
9:9-10 SemanticTokenTypes_Operator
9:10-12 SemanticTokenTypes_Variable
9:12-13 SemanticTokenTypes_Operator
9:13-15 SemanticTokenTypes_Variable
10:1-7 SemanticTokenTypes_Macro
10:8-9 SemanticTokenTypes_Variable
10:9-10 SemanticTokenTypes_Operator
10:10-12 SemanticTokenTypes_Variable
10:12-13 SemanticTokenTypes_Operator
10:13-15 SemanticTokenTypes_Variable
11:1-7 SemanticTokenTypes_Macro
11:8-10 SemanticTokenTypes_Variable
12:1-7 SemanticTokenTypes_Macro
12:8-9 SemanticTokenTypes_Variable
12:9-10 SemanticTokenTypes_Operator
12:10-12 SemanticTokenTypes_Variable
12:12-13 SemanticTokenTypes_Operator
12:13-16 SemanticTokenTypes_Variable
12:16-17 SemanticTokenTypes_Operator
12:17-19 SemanticTokenTypes_Variable
14:1-2 SemanticTokenTypes_Operator
14:2-3 SemanticTokenTypes_Operator
14:4-6 SemanticTokenTypes_Interface
14:7-10 SemanticTokenTypes_Keyword
14:11-14 SemanticTokenTypes_Interface
14:14-15 SemanticTokenTypes_Operator
14:16-19 SemanticTokenTypes_Interface
15:1-7 SemanticTokenTypes_Keyword
15:8-10 SemanticTokenTypes_Variable
15:11-13 SemanticTokenTypes_Keyword
15:14-15 SemanticTokenTypes_Keyword
15:16-23 SemanticTokenTypes_Type
16:1-2 SemanticTokenTypes_Operator
16:2-3 SemanticTokenTypes_Operator
16:4-6 SemanticTokenTypes_Interface
16:7-10 SemanticTokenTypes_Keyword
16:11-14 SemanticTokenTypes_Interface
17:1-7 SemanticTokenTypes_Keyword
17:8-10 SemanticTokenTypes_Variable
17:11-13 SemanticTokenTypes_Keyword
17:14-15 SemanticTokenTypes_Keyword
17:16-22 SemanticTokenTypes_Type
18:1-2 SemanticTokenTypes_Operator
18:3-4 SemanticTokenTypes_Interface
19:1-7 SemanticTokenTypes_Keyword
19:8-10 SemanticTokenTypes_Variable
19:11-13 SemanticTokenTypes_Keyword
19:14-15 SemanticTokenTypes_Keyword
19:16-23 SemanticTokenTypes_Type
20:1-2 SemanticTokenTypes_Operator
20:2-3 SemanticTokenTypes_Operator
20:4-6 SemanticTokenTypes_Interface
21:1-7 SemanticTokenTypes_Keyword
21:8-10 SemanticTokenTypes_Variable
21:11-13 SemanticTokenTypes_Keyword
21:14-15 SemanticTokenTypes_Keyword
21:16-23 SemanticTokenTypes_Type
22:1-2 SemanticTokenTypes_Operator
22:3-4 SemanticTokenTypes_Interface
24:1-7 SemanticTokenTypes_Macro
24:8-9 SemanticTokenTypes_Variable
24:9-10 SemanticTokenTypes_Operator
24:10-12 SemanticTokenTypes_Variable
25:1-7 SemanticTokenTypes_Macro
25:8-9 SemanticTokenTypes_Variable
25:9-10 SemanticTokenTypes_Operator
25:10-12 SemanticTokenTypes_Variable
25:12-13 SemanticTokenTypes_Operator
25:13-15 SemanticTokenTypes_Variable
26:1-7 SemanticTokenTypes_Macro
26:8-9 SemanticTokenTypes_Variable
26:9-10 SemanticTokenTypes_Operator
26:10-12 SemanticTokenTypes_Variable
26:12-13 SemanticTokenTypes_Operator
26:13-15 SemanticTokenTypes_Variable
27:1-7 SemanticTokenTypes_Macro
27:8-9 SemanticTokenTypes_Variable
27:9-10 SemanticTokenTypes_Operator
27:10-12 SemanticTokenTypes_Variable
28:1-7 SemanticTokenTypes_Macro
28:8-9 SemanticTokenTypes_Variable
28:9-10 SemanticTokenTypes_Operator
28:10-12 SemanticTokenTypes_Variable
28:12-13 SemanticTokenTypes_Operator
28:13-15 SemanticTokenTypes_Variable
29:1-7 SemanticTokenTypes_Macro
29:8-9 SemanticTokenTypes_Variable
29:9-10 SemanticTokenTypes_Operator
29:10-12 SemanticTokenTypes_Variable
29:12-13 SemanticTokenTypes_Operator
29:13-16 SemanticTokenTypes_Variable
29:16-17 SemanticTokenTypes_Operator
29:17-19 SemanticTokenTypes_Variable
30:1-7 SemanticTokenTypes_Macro
30:8-9 SemanticTokenTypes_Variable
30:9-10 SemanticTokenTypes_Operator
30:10-12 SemanticTokenTypes_Variable
30:12-13 SemanticTokenTypes_Operator
30:13-15 SemanticTokenTypes_Variable
31:1-7 SemanticTokenTypes_Macro
31:8-9 SemanticTokenTypes_Variable
31:9-10 SemanticTokenTypes_Operator
31:10-13 SemanticTokenTypes_Variable
31:13-14 SemanticTokenTypes_Operator
31:14-16 SemanticTokenTypes_Variable
32:1-7 SemanticTokenTypes_Macro
32:8-9 SemanticTokenTypes_Variable
32:9-10 SemanticTokenTypes_Operator
32:10-13 SemanticTokenTypes_Variable
32:13-14 SemanticTokenTypes_Operator
32:14-16 SemanticTokenTypes_Variable
33:1-7 SemanticTokenTypes_Macro
33:8-9 SemanticTokenTypes_Variable
33:9-10 SemanticTokenTypes_Operator
33:10-13 SemanticTokenTypes_Variable
33:13-14 SemanticTokenTypes_Operator
33:14-16 SemanticTokenTypes_Variable

Phase: Check
1:1-2 SemanticTokenTypes_Operator
1:3-13 SemanticTokenTypes_Interface
3:1-2 SemanticTokenTypes_Operator
3:3-4 SemanticTokenTypes_Interface
4:1-7 SemanticTokenTypes_Keyword
4:8-10 SemanticTokenTypes_Variable
4:11-13 SemanticTokenTypes_Keyword
4:14-15 SemanticTokenTypes_Keyword
4:16-23 SemanticTokenTypes_Type
5:1-2 SemanticTokenTypes_Operator
5:2-3 SemanticTokenTypes_Operator
5:4-6 SemanticTokenTypes_Interface
6:1-7 SemanticTokenTypes_Keyword
6:8-10 SemanticTokenTypes_Variable
6:11-13 SemanticTokenTypes_Keyword
6:14-15 SemanticTokenTypes_Keyword
6:16-23 SemanticTokenTypes_Type
7:1-2 SemanticTokenTypes_Operator
7:2-3 SemanticTokenTypes_Operator
7:3-4 SemanticTokenTypes_Operator
7:5-8 SemanticTokenTypes_Interface
8:1-7 SemanticTokenTypes_Keyword
8:8-10 SemanticTokenTypes_Variable
8:11-13 SemanticTokenTypes_Keyword
8:14-15 SemanticTokenTypes_Keyword
8:16-23 SemanticTokenTypes_Type
9:1-7 SemanticTokenTypes_Macro
9:8-9 SemanticTokenTypes_Variable
9:9-10 SemanticTokenTypes_Operator
9:10-12 SemanticTokenTypes_Variable
9:12-13 SemanticTokenTypes_Operator
9:13-15 SemanticTokenTypes_Variable
10:1-7 SemanticTokenTypes_Macro
10:8-9 SemanticTokenTypes_Variable
10:9-10 SemanticTokenTypes_Operator
10:10-12 SemanticTokenTypes_Variable
10:12-13 SemanticTokenTypes_Operator
10:13-15 SemanticTokenTypes_Variable
11:1-7 SemanticTokenTypes_Macro
11:8-10 SemanticTokenTypes_Variable
12:1-7 SemanticTokenTypes_Macro
12:8-9 SemanticTokenTypes_Variable
12:9-10 SemanticTokenTypes_Operator
12:10-12 SemanticTokenTypes_Variable
12:12-13 SemanticTokenTypes_Operator
12:13-16 SemanticTokenTypes_Variable
12:16-17 SemanticTokenTypes_Operator
12:17-19 SemanticTokenTypes_Variable
14:1-2 SemanticTokenTypes_Operator
14:2-3 SemanticTokenTypes_Operator
14:4-6 SemanticTokenTypes_Interface
14:7-10 SemanticTokenTypes_Keyword
14:11-14 SemanticTokenTypes_Interface
14:14-15 SemanticTokenTypes_Operator
14:16-19 SemanticTokenTypes_Interface
15:1-7 SemanticTokenTypes_Keyword
15:8-10 SemanticTokenTypes_Variable
15:11-13 SemanticTokenTypes_Keyword
15:14-15 SemanticTokenTypes_Keyword
15:16-23 SemanticTokenTypes_Type
16:1-2 SemanticTokenTypes_Operator
16:2-3 SemanticTokenTypes_Operator
16:4-6 SemanticTokenTypes_Interface
16:7-10 SemanticTokenTypes_Keyword
16:11-14 SemanticTokenTypes_Interface
17:1-7 SemanticTokenTypes_Keyword
17:8-10 SemanticTokenTypes_Variable
17:11-13 SemanticTokenTypes_Keyword
17:14-15 SemanticTokenTypes_Keyword
17:16-22 SemanticTokenTypes_Type
18:1-2 SemanticTokenTypes_Operator
18:3-4 SemanticTokenTypes_Interface
19:1-7 SemanticTokenTypes_Keyword
19:8-10 SemanticTokenTypes_Variable
19:11-13 SemanticTokenTypes_Keyword
19:14-15 SemanticTokenTypes_Keyword
19:16-23 SemanticTokenTypes_Type
20:1-2 SemanticTokenTypes_Operator
20:2-3 SemanticTokenTypes_Operator
20:4-6 SemanticTokenTypes_Interface
21:1-7 SemanticTokenTypes_Keyword
21:8-10 SemanticTokenTypes_Variable
21:11-13 SemanticTokenTypes_Keyword
21:14-15 SemanticTokenTypes_Keyword
21:16-23 SemanticTokenTypes_Type
22:1-2 SemanticTokenTypes_Operator
22:3-4 SemanticTokenTypes_Interface
24:1-7 SemanticTokenTypes_Macro
24:8-9 SemanticTokenTypes_Variable
24:9-10 SemanticTokenTypes_Operator
24:10-12 SemanticTokenTypes_Variable
25:1-7 SemanticTokenTypes_Macro
25:8-9 SemanticTokenTypes_Variable
25:9-10 SemanticTokenTypes_Operator
25:10-12 SemanticTokenTypes_Variable
25:12-13 SemanticTokenTypes_Operator
25:13-15 SemanticTokenTypes_Variable
26:1-7 SemanticTokenTypes_Macro
26:8-9 SemanticTokenTypes_Variable
26:9-10 SemanticTokenTypes_Operator
26:10-12 SemanticTokenTypes_Variable
26:12-13 SemanticTokenTypes_Operator
26:13-15 SemanticTokenTypes_Variable
27:1-7 SemanticTokenTypes_Macro
27:8-9 SemanticTokenTypes_Variable
27:9-10 SemanticTokenTypes_Operator
27:10-12 SemanticTokenTypes_Variable
28:1-7 SemanticTokenTypes_Macro
28:8-9 SemanticTokenTypes_Variable
28:9-10 SemanticTokenTypes_Operator
28:10-12 SemanticTokenTypes_Variable
28:12-13 SemanticTokenTypes_Operator
28:13-15 SemanticTokenTypes_Variable
29:1-7 SemanticTokenTypes_Macro
29:8-9 SemanticTokenTypes_Variable
29:9-10 SemanticTokenTypes_Operator
29:10-12 SemanticTokenTypes_Variable
29:12-13 SemanticTokenTypes_Operator
29:13-16 SemanticTokenTypes_Variable
29:16-17 SemanticTokenTypes_Operator
29:17-19 SemanticTokenTypes_Variable
30:1-7 SemanticTokenTypes_Macro
30:8-9 SemanticTokenTypes_Variable
30:9-10 SemanticTokenTypes_Operator
30:10-12 SemanticTokenTypes_Variable
30:12-13 SemanticTokenTypes_Operator
30:13-15 SemanticTokenTypes_Variable
31:1-7 SemanticTokenTypes_Macro
31:8-9 SemanticTokenTypes_Variable
31:9-10 SemanticTokenTypes_Operator
31:10-13 SemanticTokenTypes_Variable
31:13-14 SemanticTokenTypes_Operator
31:14-16 SemanticTokenTypes_Variable
32:1-7 SemanticTokenTypes_Macro
32:8-9 SemanticTokenTypes_Variable
32:9-10 SemanticTokenTypes_Operator
32:10-13 SemanticTokenTypes_Variable
32:13-14 SemanticTokenTypes_Operator
32:14-16 SemanticTokenTypes_Variable
33:1-7 SemanticTokenTypes_Macro
33:8-9 SemanticTokenTypes_Variable
33:9-10 SemanticTokenTypes_Operator
33:10-13 SemanticTokenTypes_Variable
33:13-14 SemanticTokenTypes_Operator
33:14-16 SemanticTokenTypes_Variable

