Parsing successful
Typechecking successful
Evaluation successful
contracts.l4:21:1-24:19:
  PARTY B
MUST return
WITHIN 4
HENCE FULFILLED
contracts.l4:27:1-29:31:
  FULFILLED
contracts.l4:31:1-34:31:
  FULFILLED
contracts.l4:36:1-70:
  FULFILLED
contracts.l4:50:1-52:30:
  FULFILLED
contracts.l4:61:1-64:28:
  FULFILLED
contracts.l4:73:1-56:
  FULFILLED
contracts.l4:75:1-76:29:
  FULFILLED
contracts.l4:78:1-79:30:
  PARTY B
MUST payment 2
WITHIN 5
HENCE FULFILLED
contracts.l4:81:1-83:31:
  FULFILLED
contracts.l4:85:1-87:31:
  FULFILLED
contracts.l4:94:1-96:30:
  PROVISION BREACHED:
  party
    B
  who did action
    payment OF 6
  at
    3
  surpassed the deadline of party
    S
  who had to do obligatory action
    MUST payment n PROVIDED n EQUALS 7
  before their deadline, which was at
    2
contracts.l4:98:1-100:30:
  PROVISION BREACHED:
  party
    S
  who did action
    payment OF 7
  at
    3
  surpassed the deadline of party
    S
  who had to do obligatory action
    MUST payment n PROVIDED n EQUALS 7
  before their deadline, which was at
    2
