Parsing successful
Typechecking successful
Evaluation successful
contracts.l4:21:1-23:31:
  Internal error:
  I encountered a type error during evaluation:
    expected LIST EVENT but found: 2 when scrutinizing regulative events
  Please report this as a bug.
contracts.l4:25:1-27:31:
  Internal error:
  I encountered a type error during evaluation:
    expected LIST EVENT but found: 2 when scrutinizing regulative events
  Please report this as a bug.
contracts.l4:29:1-32:31:
  Internal error:
  I encountered a type error during evaluation:
    expected LIST EVENT but found: 2 when scrutinizing regulative events
  Please report this as a bug.
contracts.l4:34:1-74:
  FULFILLED
contracts.l4:48:1-50:30:
  PROVISION BREACHED:
  party
    S
  who did action
    delivery
  at
    20
  surpassed the deadline of party
    B
  who had to do obligatory action
    MUST payment am PROVIDED     am AT LEAST 2
    AND am AT MOST 4
  before their deadline, which was at
    5
contracts.l4:59:1-60:
  FULFILLED
contracts.l4:61:1-62:29:
  FULFILLED
contracts.l4:64:1-65:30:
  FULFILLED
contracts.l4:67:1-69:31:
  FULFILLED
contracts.l4:71:1-73:31:
  FULFILLED
contracts.l4:80:1-82:30:
  PROVISION BREACHED:
  party
    B
  who did action
    payment OF 6
  at
    3
  surpassed the deadline of party
    S
  who had to do obligatory action
    MUST payment n PROVIDED n EQUALS 7
  before their deadline, which was at
    2
contracts.l4:84:1-86:30:
  PROVISION BREACHED:
  party
    S
  who did action
    payment OF 7
  at
    3
  surpassed the deadline of party
    S
  who had to do obligatory action
    MUST payment n PROVIDED n EQUALS 7
  before their deadline, which was at
    2
