Parsing successful
Typechecking successful
Evaluation successful
elem.l4:16:7-33:
  TRUE
elem.l4:17:7-33:
  FALSE
elem.l4:19:7-30:18:
  TRUE
elem.l4:32:7-71:
  TRUE
elem.l4:34:7-43:
  FALSE
elem.l4:43:7-63:
  TRUE
elem.l4:53:7-28:
  FALSE
elem.l4:54:7-27:
  FALSE
elem.l4:55:7-27:
  TRUE
elem.l4:57:7-25:
  TRUE
elem.l4:62:7-23:
  EqualityOnUnsupportedType
elem.l4:63:7-23:
  EqualityOnUnsupportedType
