`plus` with 3 and 5
`percent` with 50
`plus` with 3 and 5
`plus` with the sum of 1 and 2 and the sum of 3 and 4
`is eligible for` with Alice and Medicare
`myif` with `TRUE`, 42 and 0
`myif` with `FALSE`, 42 and 0
`myif` with 1 is equal to 1, the sum of 10 and 5 and the difference between 5 and 20
`myif` with 2 is greater than 3, 100 and 200
`myif` with `TRUE`, 42 and 0
`and` with Alice, Bob, Charlie and Chuck
`and` with Mom, Dad, Kid and Kiddo
`op1` with 1, 2, 3, 4 and 5
`op1` with the difference between 9 and 10, the sum of 1 and 1, 3, the product of 2 and 2 and 5
`percent` with 50
`percent` with 75
`percent` with `plus` with 33 and 22
`percent` with the sum of 10 and 5
