{
    "$schema": "https://json-schema.org/draft/2020-12/schema",
    "properties": {
        "drinks": {
            "$ref": "#/$defs/BOOLEAN"
        },
        "eats": {
            "$ref": "#/$defs/BOOLEAN"
        },
        "p": {
            "$ref": "#/$defs/Person"
        },
        "walks": {
            "$ref": "#/$defs/BOOLEAN"
        }
    },
    "required": [
        "p",
        "walks",
        "drinks",
        "eats"
    ],
    "title": "must sing",
    "type": "object"
}
