Parsing successful
Typechecking successful
Evaluation successful
operators.l4:73:1-21:
  TRUE
operators.l4:74:1-21:
  TRUE
operators.l4:75:1-21:
  TRUE
operators.l4:76:1-21:
  TRUE
operators.l4:77:1-21:
  TRUE
operators.l4:78:1-21:
  TRUE
operators.l4:79:1-21:
  TRUE
operators.l4:81:1-21:
  TRUE
operators.l4:82:1-21:
  TRUE
operators.l4:83:1-21:
  TRUE
operators.l4:84:1-21:
  TRUE
operators.l4:86:1-22:
  TRUE
operators.l4:87:1-21:
  TRUE
operators.l4:88:1-22:
  TRUE
operators.l4:89:1-21:
  TRUE
operators.l4:91:1-22:
  TRUE
operators.l4:92:1-20:
  TRUE
operators.l4:93:1-20:
  TRUE
operators.l4:94:1-22:
  TRUE
operators.l4:96:1-22:
  TRUE
operators.l4:97:1-22:
  TRUE
