Parsing successful
Typechecking successful
Evaluation successful
temporal-acceptance.l4:7:1-64:
  TRUE
temporal-acceptance.l4:8:1-66:
  TRUE
temporal-acceptance.l4:9:1-81:
  TRUE
temporal-acceptance.l4:10:1-46:
  JUST OF (2024-01-07)
temporal-acceptance.l4:11:1-46:
  JUST OF (2024-01-13)
temporal-acceptance.l4:12:1-51:
  1776-07-04
temporal-acceptance.l4:13:1-66:
  2000-12-25
