Parsing successful
Typechecking successful
Evaluation successful
ceo-performance-award.l4:664:1-42:
  2000000000000
ceo-performance-award.l4:665:1-42:
  4000000000000
ceo-performance-award.l4:666:1-43:
  7500000000000
ceo-performance-award.l4:667:1-43:
  8500000000000
ceo-performance-award.l4:668:1-36:
  11797383407.28
ceo-performance-award.l4:671:1-55:
  `Seven And Half Year Earned Shares`
ceo-performance-award.l4:672:1-58:
  `Ten Year Earned Shares`
ceo-performance-award.l4:675:1-61:
  TRUE
ceo-performance-award.l4:676:1-61:
  FALSE
ceo-performance-award.l4:677:1-70:
  TRUE
ceo-performance-award.l4:678:1-71:
  TRUE
ceo-performance-award.l4:679:1-92:
  FALSE
ceo-performance-award.l4:682:1-73:
  TRUE
ceo-performance-award.l4:683:1-73:
  FALSE
ceo-performance-award.l4:684:1-72:
  TRUE
ceo-performance-award.l4:685:1-73:
  TRUE
ceo-performance-award.l4:686:1-73:
  TRUE
ceo-performance-award.l4:689:1-70:
  FALSE
ceo-performance-award.l4:690:1-71:
  FALSE
ceo-performance-award.l4:691:1-69:
  FALSE
ceo-performance-award.l4:692:1-70:
  FALSE
ceo-performance-award.l4:693:1-87:
  FALSE
ceo-performance-award.l4:696:1-67:
  TRUE
ceo-performance-award.l4:697:1-60:
  FALSE
ceo-performance-award.l4:698:1-56:
  TRUE
ceo-performance-award.l4:701:1-702:95:
  FULFILLED
ceo-performance-award.l4:704:1-706:83:
  PARTY `Award Participant` OF "Elon Reeve Musk", (DATE OF 28, 6, 1971)
  MAY `achieve market cap milestone` `tranche no`
                                      `mkt cap` PROVIDED     `mkt cap` GREATER THAN (`Required Market Cap For Tranche` OF `tranche no`)
  AND    `Market Cap Milestone Met` OF `tranche no`, (`award state`'s `Performance Metrics`)
      OR `Market Cap Milestone Met For Change In Control` OF `tranche no`, (`award state`'s `Performance Metrics`)
  WITHIN 2922
  HENCE   PARTY `Elon Musk`
          MAY `achieve operational milestone` `tranche n`
                                               `Milestone Type` PROVIDED    `Operational Milestone Met` OF `tranche n`, (`award state`'s `Performance Metrics`)
          OR `Deemed Achievement Applies` OF `tranche n`, `award state`
          WITHIN `Date to days` OF (`Performance End Date` MINUS (`award state`'s `Current Date`))
  WHERE
    
    DECIDE `Milestone Type` IS
      IF     tranche AT LEAST 1
      AND tranche AT MOST 4
      THEN "Product Goal"
      ELSE "EBITDA Goal"
ceo-performance-award.l4:709:1-710:80:
  PARTY `Award Participant` OF "Elon Reeve Musk", (DATE OF 28, 6, 1971)
  MAY `achieve market cap milestone` `tranche no`
                                      `mkt cap` PROVIDED     `mkt cap` GREATER THAN (`Required Market Cap For Tranche` OF `tranche no`)
  AND    `Market Cap Milestone Met` OF `tranche no`, (`award state`'s `Performance Metrics`)
      OR `Market Cap Milestone Met For Change In Control` OF `tranche no`, (`award state`'s `Performance Metrics`)
  WITHIN 3287
  HENCE   PARTY `Elon Musk`
          MAY `achieve operational milestone` `tranche n`
                                               `Milestone Type` PROVIDED    `Operational Milestone Met` OF `tranche n`, (`award state`'s `Performance Metrics`)
          OR `Deemed Achievement Applies` OF `tranche n`, `award state`
          WITHIN `Date to days` OF (`Performance End Date` MINUS (`award state`'s `Current Date`))
  WHERE
    
    DECIDE `Milestone Type` IS
      IF     tranche AT LEAST 1
      AND tranche AT MOST 4
      THEN "Product Goal"
      ELSE "EBITDA Goal"
ceo-performance-award.l4:713:1-714:95:
  FULFILLED
ceo-performance-award.l4:730:1-733:60:
  Internal error:
  I encountered a type error during evaluation:
    DATE_FROM_DMY produced an invalid date
  Please report this as a bug.
ceo-performance-award.l4:735:1-736:79:
  FULFILLED
ceo-performance-award.l4:738:1-739:71:
  FULFILLED
