`Example Filing`
executing contract `Example Filing` at `Jul` with 19 and 2025 with the following events:  party `Example Commission` did `File draft copy of EIS and cause notice of hearing to be published` with `Example Hearing Notice`, `Example Notice of EIS Completion` and `JUST` with `Example EIS` at `Jul` with 20 and 2025
`Tentative or recommended decision will contain a final EIS` with `Example Decision`
`Determining issuance for final EIS` with `Example Decision` and `NOTHING`
`Rendering of the decision on whether or not to approve action proposed by applicant` with `Example Action` and `FALSE`
